Archive member included to satisfy reference by file (symbol)

/opt/arm-gnu-toolchain-14.2.rel1-x86_64-arm-none-eabi/bin/../lib/gcc/arm-none-eabi/14.2.1/../../../../arm-none-eabi/lib/thumb/v7e-m+dp/hard/libc_nano.a(libc_a-exit.o)
                              /opt/arm-gnu-toolchain-14.2.rel1-x86_64-arm-none-eabi/bin/../lib/gcc/arm-none-eabi/14.2.1/../../../../arm-none-eabi/lib/thumb/v7e-m+dp/hard/crt0.o (exit)
/opt/arm-gnu-toolchain-14.2.rel1-x86_64-arm-none-eabi/bin/../lib/gcc/arm-none-eabi/14.2.1/../../../../arm-none-eabi/lib/thumb/v7e-m+dp/hard/libc_nano.a(libc_a-malloc.o)
                              CMakeFiles/xcvr_iec958.elf.dir/hdd1/om/project/8mp-spdif-iec60958/SDK_24_12_00_EVK-MIMX8MP/devices/MIMX8ML8/drivers/fsl_common.c.obj (malloc)
/opt/arm-gnu-toolchain-14.2.rel1-x86_64-arm-none-eabi/bin/../lib/gcc/arm-none-eabi/14.2.1/../../../../arm-none-eabi/lib/thumb/v7e-m+dp/hard/libc_nano.a(libc_a-mallocr.o)
                              /opt/arm-gnu-toolchain-14.2.rel1-x86_64-arm-none-eabi/bin/../lib/gcc/arm-none-eabi/14.2.1/../../../../arm-none-eabi/lib/thumb/v7e-m+dp/hard/libc_nano.a(libc_a-malloc.o) (_malloc_r)
/opt/arm-gnu-toolchain-14.2.rel1-x86_64-arm-none-eabi/bin/../lib/gcc/arm-none-eabi/14.2.1/../../../../arm-none-eabi/lib/thumb/v7e-m+dp/hard/libc_nano.a(libc_a-mlock.o)
                              /opt/arm-gnu-toolchain-14.2.rel1-x86_64-arm-none-eabi/bin/../lib/gcc/arm-none-eabi/14.2.1/../../../../arm-none-eabi/lib/thumb/v7e-m+dp/hard/libc_nano.a(libc_a-mallocr.o) (__malloc_lock)
/opt/arm-gnu-toolchain-14.2.rel1-x86_64-arm-none-eabi/bin/../lib/gcc/arm-none-eabi/14.2.1/../../../../arm-none-eabi/lib/thumb/v7e-m+dp/hard/libc_nano.a(libc_a-strtoul.o)
                              CMakeFiles/xcvr_iec958.elf.dir/hdd1/om/project/8mp-spdif-iec60958/SDK_24_12_00_EVK-MIMX8MP/devices/MIMX8ML8/utilities/str/fsl_str.c.obj (strtoul)
/opt/arm-gnu-toolchain-14.2.rel1-x86_64-arm-none-eabi/bin/../lib/gcc/arm-none-eabi/14.2.1/../../../../arm-none-eabi/lib/thumb/v7e-m+dp/hard/libc_nano.a(libc_a-ctype_.o)
                              /opt/arm-gnu-toolchain-14.2.rel1-x86_64-arm-none-eabi/bin/../lib/gcc/arm-none-eabi/14.2.1/../../../../arm-none-eabi/lib/thumb/v7e-m+dp/hard/libc_nano.a(libc_a-strtoul.o) (_ctype_)
/opt/arm-gnu-toolchain-14.2.rel1-x86_64-arm-none-eabi/bin/../lib/gcc/arm-none-eabi/14.2.1/../../../../arm-none-eabi/lib/thumb/v7e-m+dp/hard/libc_nano.a(libc_a-findfp.o)
                              /opt/arm-gnu-toolchain-14.2.rel1-x86_64-arm-none-eabi/bin/../lib/gcc/arm-none-eabi/14.2.1/../../../../arm-none-eabi/lib/thumb/v7e-m+dp/hard/libc_nano.a(libc_a-exit.o) (__stdio_exit_handler)
/opt/arm-gnu-toolchain-14.2.rel1-x86_64-arm-none-eabi/bin/../lib/gcc/arm-none-eabi/14.2.1/../../../../arm-none-eabi/lib/thumb/v7e-m+dp/hard/libc_nano.a(libc_a-fwalk.o)
                              /opt/arm-gnu-toolchain-14.2.rel1-x86_64-arm-none-eabi/bin/../lib/gcc/arm-none-eabi/14.2.1/../../../../arm-none-eabi/lib/thumb/v7e-m+dp/hard/libc_nano.a(libc_a-findfp.o) (_fwalk_sglue)
/opt/arm-gnu-toolchain-14.2.rel1-x86_64-arm-none-eabi/bin/../lib/gcc/arm-none-eabi/14.2.1/../../../../arm-none-eabi/lib/thumb/v7e-m+dp/hard/libc_nano.a(libc_a-stdio.o)
                              /opt/arm-gnu-toolchain-14.2.rel1-x86_64-arm-none-eabi/bin/../lib/gcc/arm-none-eabi/14.2.1/../../../../arm-none-eabi/lib/thumb/v7e-m+dp/hard/libc_nano.a(libc_a-findfp.o) (__sread)
/opt/arm-gnu-toolchain-14.2.rel1-x86_64-arm-none-eabi/bin/../lib/gcc/arm-none-eabi/14.2.1/../../../../arm-none-eabi/lib/thumb/v7e-m+dp/hard/libc_nano.a(libc_a-memset.o)
                              /opt/arm-gnu-toolchain-14.2.rel1-x86_64-arm-none-eabi/bin/../lib/gcc/arm-none-eabi/14.2.1/../../../../arm-none-eabi/lib/thumb/v7e-m+dp/hard/crt0.o (memset)
/opt/arm-gnu-toolchain-14.2.rel1-x86_64-arm-none-eabi/bin/../lib/gcc/arm-none-eabi/14.2.1/../../../../arm-none-eabi/lib/thumb/v7e-m+dp/hard/libc_nano.a(libc_a-closer.o)
                              /opt/arm-gnu-toolchain-14.2.rel1-x86_64-arm-none-eabi/bin/../lib/gcc/arm-none-eabi/14.2.1/../../../../arm-none-eabi/lib/thumb/v7e-m+dp/hard/libc_nano.a(libc_a-stdio.o) (_close_r)
/opt/arm-gnu-toolchain-14.2.rel1-x86_64-arm-none-eabi/bin/../lib/gcc/arm-none-eabi/14.2.1/../../../../arm-none-eabi/lib/thumb/v7e-m+dp/hard/libc_nano.a(libc_a-reent.o)
                              /opt/arm-gnu-toolchain-14.2.rel1-x86_64-arm-none-eabi/bin/../lib/gcc/arm-none-eabi/14.2.1/../../../../arm-none-eabi/lib/thumb/v7e-m+dp/hard/libc_nano.a(libc_a-closer.o) (errno)
/opt/arm-gnu-toolchain-14.2.rel1-x86_64-arm-none-eabi/bin/../lib/gcc/arm-none-eabi/14.2.1/../../../../arm-none-eabi/lib/thumb/v7e-m+dp/hard/libc_nano.a(libc_a-impure.o)
                              /opt/arm-gnu-toolchain-14.2.rel1-x86_64-arm-none-eabi/bin/../lib/gcc/arm-none-eabi/14.2.1/../../../../arm-none-eabi/lib/thumb/v7e-m+dp/hard/libc_nano.a(libc_a-malloc.o) (_impure_ptr)
[...]
Memory Configuration

Name             Origin             Length             Attributes
m_interrupts     0x00000000         0x00000400         xr
m_text           0x00000400         0x0001fc00         xr
m_data           0x20000000         0x00020000         rw
m_data2          0x80000000         0x01000000         rw
*default*        0x00000000         0xffffffff

Linker script and memory map

LOAD /opt/arm-gnu-toolchain-14.2.rel1-x86_64-arm-none-eabi/bin/../lib/gcc/arm-none-eabi/14.2.1/thumb/v7e-m+dp/hard/crti.o
LOAD /opt/arm-gnu-toolchain-14.2.rel1-x86_64-arm-none-eabi/bin/../lib/gcc/arm-none-eabi/14.2.1/thumb/v7e-m+dp/hard/crtbegin.o
LOAD /opt/arm-gnu-toolchain-14.2.rel1-x86_64-arm-none-eabi/bin/../lib/gcc/arm-none-eabi/14.2.1/../../../../arm-none-eabi/lib/thumb/v7e-m+dp/hard/crt0.o
LOAD CMakeFiles/xcvr_iec958.elf.dir/hdd1/om/project/8mp-spdif-iec60958/SDK_24_12_00_EVK-MIMX8MP/boards/evkmimx8mp/demo_apps/xcvr_iec958/my_app.c.obj
LOAD CMakeFiles/xcvr_iec958.elf.dir/hdd1/om/project/8mp-spdif-iec60958/SDK_24_12_00_EVK-MIMX8MP/boards/evkmimx8mp/demo_apps/xcvr_iec958/board.c.obj
LOAD CMakeFiles/xcvr_iec958.elf.dir/hdd1/om/project/8mp-spdif-iec60958/SDK_24_12_00_EVK-MIMX8MP/boards/evkmimx8mp/demo_apps/xcvr_iec958/clock_config.c.obj
LOAD CMakeFiles/xcvr_iec958.elf.dir/hdd1/om/project/8mp-spdif-iec60958/SDK_24_12_00_EVK-MIMX8MP/boards/evkmimx8mp/demo_apps/xcvr_iec958/pin_mux.c.obj
LOAD CMakeFiles/xcvr_iec958.elf.dir/hdd1/om/project/8mp-spdif-iec60958/SDK_24_12_00_EVK-MIMX8MP/boards/evkmimx8mp/demo_apps/xcvr_iec958/hardware_init.c.obj
LOAD CMakeFiles/xcvr_iec958.elf.dir/hdd1/om/project/8mp-spdif-iec60958/SDK_24_12_00_EVK-MIMX8MP/devices/MIMX8ML8/drivers/fsl_sdma.c.obj
LOAD CMakeFiles/xcvr_iec958.elf.dir/hdd1/om/project/8mp-spdif-iec60958/SDK_24_12_00_EVK-MIMX8MP/components/uart/fsl_adapter_iuart.c.obj
LOAD CMakeFiles/xcvr_iec958.elf.dir/hdd1/om/project/8mp-spdif-iec60958/SDK_24_12_00_EVK-MIMX8MP/devices/MIMX8ML8/gcc/startup_MIMX8ML8_cm7.S.obj
LOAD CMakeFiles/xcvr_iec958.elf.dir/hdd1/om/project/8mp-spdif-iec60958/SDK_24_12_00_EVK-MIMX8MP/devices/MIMX8ML8/system_MIMX8ML8_cm7.c.obj
LOAD CMakeFiles/xcvr_iec958.elf.dir/hdd1/om/project/8mp-spdif-iec60958/SDK_24_12_00_EVK-MIMX8MP/devices/MIMX8ML8/drivers/fsl_audiomix.c.obj
LOAD CMakeFiles/xcvr_iec958.elf.dir/hdd1/om/project/8mp-spdif-iec60958/SDK_24_12_00_EVK-MIMX8MP/devices/MIMX8ML8/drivers/fsl_clock.c.obj
LOAD CMakeFiles/xcvr_iec958.elf.dir/hdd1/om/project/8mp-spdif-iec60958/SDK_24_12_00_EVK-MIMX8MP/devices/MIMX8ML8/drivers/fsl_common.c.obj
LOAD CMakeFiles/xcvr_iec958.elf.dir/hdd1/om/project/8mp-spdif-iec60958/SDK_24_12_00_EVK-MIMX8MP/devices/MIMX8ML8/drivers/fsl_common_arm.c.obj
LOAD CMakeFiles/xcvr_iec958.elf.dir/hdd1/om/project/8mp-spdif-iec60958/SDK_24_12_00_EVK-MIMX8MP/devices/MIMX8ML8/drivers/fsl_gpio.c.obj
LOAD CMakeFiles/xcvr_iec958.elf.dir/hdd1/om/project/8mp-spdif-iec60958/SDK_24_12_00_EVK-MIMX8MP/devices/MIMX8ML8/drivers/fsl_uart.c.obj
LOAD CMakeFiles/xcvr_iec958.elf.dir/hdd1/om/project/8mp-spdif-iec60958/SDK_24_12_00_EVK-MIMX8MP/devices/MIMX8ML8/drivers/fsl_rdc.c.obj
LOAD CMakeFiles/xcvr_iec958.elf.dir/hdd1/om/project/8mp-spdif-iec60958/SDK_24_12_00_EVK-MIMX8MP/devices/MIMX8ML8/drivers/fsl_xcvr.c.obj
LOAD CMakeFiles/xcvr_iec958.elf.dir/hdd1/om/project/8mp-spdif-iec60958/SDK_24_12_00_EVK-MIMX8MP/devices/MIMX8ML8/utilities/fsl_syscall_stub.c.obj
LOAD CMakeFiles/xcvr_iec958.elf.dir/hdd1/om/project/8mp-spdif-iec60958/SDK_24_12_00_EVK-MIMX8MP/devices/MIMX8ML8/utilities/fsl_sbrk.c.obj
LOAD CMakeFiles/xcvr_iec958.elf.dir/hdd1/om/project/8mp-spdif-iec60958/SDK_24_12_00_EVK-MIMX8MP/devices/MIMX8ML8/utilities/fsl_memcpy.S.obj
LOAD CMakeFiles/xcvr_iec958.elf.dir/hdd1/om/project/8mp-spdif-iec60958/SDK_24_12_00_EVK-MIMX8MP/devices/MIMX8ML8/utilities/debug_console_lite/fsl_assert.c.obj
LOAD CMakeFiles/xcvr_iec958.elf.dir/hdd1/om/project/8mp-spdif-iec60958/SDK_24_12_00_EVK-MIMX8MP/devices/MIMX8ML8/utilities/debug_console_lite/fsl_debug_console.c.obj
LOAD CMakeFiles/xcvr_iec958.elf.dir/hdd1/om/project/8mp-spdif-iec60958/SDK_24_12_00_EVK-MIMX8MP/devices/MIMX8ML8/utilities/str/fsl_str.c.obj
START GROUP
LOAD /opt/arm-gnu-toolchain-14.2.rel1-x86_64-arm-none-eabi/bin/../lib/gcc/arm-none-eabi/14.2.1/../../../../arm-none-eabi/lib/thumb/v7e-m+dp/hard/libm.a
LOAD /opt/arm-gnu-toolchain-14.2.rel1-x86_64-arm-none-eabi/bin/../lib/gcc/arm-none-eabi/14.2.1/../../../../arm-none-eabi/lib/thumb/v7e-m+dp/hard/libc_nano.a
LOAD /opt/arm-gnu-toolchain-14.2.rel1-x86_64-arm-none-eabi/bin/../lib/gcc/arm-none-eabi/14.2.1/thumb/v7e-m+dp/hard/libgcc.a
LOAD /opt/arm-gnu-toolchain-14.2.rel1-x86_64-arm-none-eabi/bin/../lib/gcc/arm-none-eabi/14.2.1/../../../../arm-none-eabi/lib/thumb/v7e-m+dp/hard/libnosys.a
END GROUP
START GROUP
LOAD /opt/arm-gnu-toolchain-14.2.rel1-x86_64-arm-none-eabi/bin/../lib/gcc/arm-none-eabi/14.2.1/thumb/v7e-m+dp/hard/libgcc.a
LOAD /opt/arm-gnu-toolchain-14.2.rel1-x86_64-arm-none-eabi/bin/../lib/gcc/arm-none-eabi/14.2.1/../../../../arm-none-eabi/lib/thumb/v7e-m+dp/hard/libg_nano.a
LOAD /opt/arm-gnu-toolchain-14.2.rel1-x86_64-arm-none-eabi/bin/../lib/gcc/arm-none-eabi/14.2.1/../../../../arm-none-eabi/lib/thumb/v7e-m+dp/hard/libc_nano.a
END GROUP
START GROUP
LOAD /opt/arm-gnu-toolchain-14.2.rel1-x86_64-arm-none-eabi/bin/../lib/gcc/arm-none-eabi/14.2.1/thumb/v7e-m+dp/hard/libgcc.a
LOAD /opt/arm-gnu-toolchain-14.2.rel1-x86_64-arm-none-eabi/bin/../lib/gcc/arm-none-eabi/14.2.1/../../../../arm-none-eabi/lib/thumb/v7e-m+dp/hard/libc_nano.a
LOAD /opt/arm-gnu-toolchain-14.2.rel1-x86_64-arm-none-eabi/bin/../lib/gcc/arm-none-eabi/14.2.1/../../../../arm-none-eabi/lib/thumb/v7e-m+dp/hard/libnosys.a
END GROUP
START GROUP
LOAD /opt/arm-gnu-toolchain-14.2.rel1-x86_64-arm-none-eabi/bin/../lib/gcc/arm-none-eabi/14.2.1/thumb/v7e-m+dp/hard/libgcc.a
LOAD /opt/arm-gnu-toolchain-14.2.rel1-x86_64-arm-none-eabi/bin/../lib/gcc/arm-none-eabi/14.2.1/../../../../arm-none-eabi/lib/thumb/v7e-m+dp/hard/libc_nano.a
LOAD /opt/arm-gnu-toolchain-14.2.rel1-x86_64-arm-none-eabi/bin/../lib/gcc/arm-none-eabi/14.2.1/../../../../arm-none-eabi/lib/thumb/v7e-m+dp/hard/libnosys.a
END GROUP
LOAD /opt/arm-gnu-toolchain-14.2.rel1-x86_64-arm-none-eabi/bin/../lib/gcc/arm-none-eabi/14.2.1/thumb/v7e-m+dp/hard/crtend.o
LOAD /opt/arm-gnu-toolchain-14.2.rel1-x86_64-arm-none-eabi/bin/../lib/gcc/arm-none-eabi/14.2.1/thumb/v7e-m+dp/hard/crtn.o
                0x00000400                        HEAP_SIZE = DEFINED (__heap_size__)?__heap_size__:0x400
                0x00000400                        STACK_SIZE = DEFINED (__stack_size__)?__stack_size__:0x400

.interrupts     0x00000000      0x2a8
                0x00000000                        __VECTOR_TABLE = .
                0x00000000                        __Vectors = .
                0x00000000                        . = ALIGN (0x4)
 *(.isr_vector)
 .isr_vector    0x00000000      0x2a8 CMakeFiles/xcvr_iec958.elf.dir/hdd1/om/project/8mp-spdif-iec60958/SDK_24_12_00_EVK-MIMX8MP/devices/MIMX8ML8/gcc/startup_MIMX8ML8_cm7.S.obj
                0x00000000                __isr_vector
                0x000002a8                        . = ALIGN (0x4)

.resource_table
                0x00000400        0x0
                0x00000400                        . = ALIGN (0x8)
 *(.resource_table)
                0x00000400                        . = ALIGN (0x8)

.text           0x00000400     0x7b80
                0x00000400                        . = ALIGN (0x4)
 *(.text)
 .text          0x00000400       0x7c /opt/arm-gnu-toolchain-14.2.rel1-x86_64-arm-none-eabi/bin/../lib/gcc/arm-none-eabi/14.2.1/../../../../arm-none-eabi/lib/thumb/v7e-m+dp/hard/crt0.o
                0x00000400                _stack_init
                0x00000408                _mainCRTStartup
                0x00000408                _start
 .text          0x0000047c      0x588 CMakeFiles/xcvr_iec958.elf.dir/hdd1/om/project/8mp-spdif-iec60958/SDK_24_12_00_EVK-MIMX8MP/devices/MIMX8ML8/gcc/startup_MIMX8ML8_cm7.S.obj
                0x0000047c                Reset_Handler
                0x00000508                VPU_G2_DriverIRQHandler
                0x00000508                PWM2_DriverIRQHandler
                0x00000508                CAAM_ERROR_DriverIRQHandler
                0x00000508                DebugMon_Handler
                0x00000508                EDMA1_0_15_DriverIRQHandler
                0x00000508                CPU_Error_AXI_DriverIRQHandler
                0x00000508                BCH_DriverIRQHandler
                0x00000508                VPU_G1_DriverIRQHandler
                0x00000508                SNVS_Consolidated_DriverIRQHandler
                0x00000508                MIPI_CSI1_DriverIRQHandler
                0x00000508                MECC_ERR_DriverIRQHandler
                0x00000508                PWM4_DriverIRQHandler
                0x00000508                LCDIF1_DriverIRQHandler
                0x00000508                RDC_DriverIRQHandler
                0x00000508                GPIO3_Combined_0_15_DriverIRQHandler
                0x00000508                USB2_WAKEUP_DriverIRQHandler
                0x00000508                DDR_ERR_DriverIRQHandler
                0x00000508                I2S2_DriverIRQHandler
                0x00000508                I2C3_DriverIRQHandler
                0x00000508                HS_CP0_DriverIRQHandler
                0x00000508                GPMI_DriverIRQHandler
                0x00000508                MU3_AUDIO_DriverIRQHandler
                0x00000508                ISI_DriverIRQHandler
                0x00000508                I2C2_DriverIRQHandler
                0x00000508                ENET_QOS_PMT_DriverIRQHandler
                0x00000508                MIPI_CSI2_DriverIRQHandler
                0x00000508                GPIO2_Combined_16_31_DriverIRQHandler
                0x00000508                PERFMON1_DriverIRQHandler
                0x00000508                UsageFault_Handler
                0x00000508                SCTR_IRQ0_DriverIRQHandler
                0x00000508                CAAM_IRQ0_DriverIRQHandler
                0x00000508                DDR_PerformanceMonitor_DriverIRQHandler
                0x00000508                DefaultISR
                0x00000508                CPU_PerformanceUnit_DriverIRQHandler
                0x00000508                CAN_FD1_DriverIRQHandler
                0x00000508                CPU_Error_L2RAM_DriverIRQHandler
                0x00000508                I2S3_DriverIRQHandler
                0x00000508                SRC_DriverIRQHandler
                0x00000508                GPIO1_INT4_DriverIRQHandler
                0x00000508                HS_CP1_DriverIRQHandler
                0x00000508                USDHC1_DriverIRQHandler
                0x00000508                ECSPI3_DriverIRQHandler
                0x00000508                WDOG1_DriverIRQHandler
                0x00000508                ECSPI2_DriverIRQHandler
                0x00000508                GPIO1_Combined_16_31_DriverIRQHandler
                0x00000508                GPIO1_INT7_DriverIRQHandler
                0x00000508                MIPI_DSI_DriverIRQHandler
                0x00000508                TZASC_DriverIRQHandler
                0x00000508                GPIO5_Combined_0_15_DriverIRQHandler
                0x00000508                GPIO1_INT0_DriverIRQHandler
                0x00000508                GPIO1_INT2_DriverIRQHandler
                0x00000508                GPU2D_DriverIRQHandler
                0x00000508                RTIC_DriverIRQHandler
                0x00000508                CAN_FD1_ERROR_DriverIRQHandler
                0x00000508                EDMA1_ERR_DriverIRQHandler
                0x00000508                GPT2_DriverIRQHandler
                0x00000508                SCTR_IRQ1_DriverIRQHandler
                0x00000508                VPU_DriverIRQHandler
                0x00000508                I2S1_DriverIRQHandler
                0x00000508                SNVS_Security_DriverIRQHandler
                0x00000508                I2S7_DriverIRQHandler
                0x00000508                AUD2HTX_DriverIRQHandler
                0x00000508                PCIE_EDMA_DriverIRQHandler
                0x00000508                PDM_ERROR_DriverIRQHandler
                0x00000508                I2S56_DriverIRQHandler
                0x00000508                ML_DriverIRQHandler
                0x00000508                SJC_DriverIRQHandler
                0x00000508                CAAM_IRQ1_DriverIRQHandler
                0x00000508                PCIE_CTRL1_2_DriverIRQHandler
                0x00000508                PERFMON2_DriverIRQHandler
                0x00000508                GPT6_DriverIRQHandler
                0x00000508                EDMA1_16_31_DriverIRQHandler
                0x00000508                GPT5_DriverIRQHandler
                0x00000508                DDR_DriverIRQHandler
                0x00000508                GPT1_DriverIRQHandler
                0x00000508                CAAM_IRQ2_DriverIRQHandler
                0x00000508                SNVS_DriverIRQHandler
                0x00000508                CSU_DriverIRQHandler
                0x00000508                USDHC3_DriverIRQHandler
                0x00000508                GPIO1_INT5_DriverIRQHandler
                0x00000508                QOS_DriverIRQHandler
                0x00000508                HDMI_TX_DriverIRQHandler
                0x00000508                FlexSPI_DriverIRQHandler
                0x00000508                DEWARP_DriverIRQHandler
                0x00000508                GPIO1_Combined_0_15_DriverIRQHandler
                0x00000508                USDHC2_DriverIRQHandler
                0x00000508                WDOG3_DriverIRQHandler
                0x00000508                MemManage_Handler
                0x00000508                USB1_WAKEUP_DriverIRQHandler
                0x00000508                PDM_EVENT_DriverIRQHandler
                0x00000508                I2C4_DriverIRQHandler
                0x00000508                USB1_DriverIRQHandler
                0x00000508                GPIO3_Combined_16_31_DriverIRQHandler
                0x00000508                AUDIO_XCVR1_DriverIRQHandler
                0x00000508                PWM1_DriverIRQHandler
                0x00000508                MU3_M7_DriverIRQHandler
                0x00000508                PCIE_CTRL1_3_DriverIRQHandler
                0x00000508                GPT4_DriverIRQHandler
                0x00000508                MU2_A53_DriverIRQHandler
                0x00000508                I2C1_DriverIRQHandler
                0x00000508                AUDIO_XCVR_DriverIRQHandler
                0x00000508                CM7_CTI_DriverIRQHandler
                0x00000508                ECSPI1_DriverIRQHandler
                0x00000508                DAP_DriverIRQHandler
                0x00000508                Reserved16_DriverIRQHandler
                0x00000508                ENET_QOS_DriverIRQHandler
                0x00000508                I2C6_DriverIRQHandler
                0x00000508                ENET1_DriverIRQHandler
                0x00000508                ISP2_DriverIRQHandler
                0x00000508                GPIO1_INT3_DriverIRQHandler
                0x00000508                MECC_DriverIRQHandler
                0x00000508                MECC_S_DriverIRQHandler
                0x00000508                PCIE_CTRL1_1_DriverIRQHandler
                0x00000508                APBHDMA_DriverIRQHandler
                0x00000508                ENET1_MAC0_Rx_Tx_Done1_DriverIRQHandler
                0x00000508                GPC_DriverIRQHandler
                0x00000508                GPIO2_Combined_0_15_DriverIRQHandler
                0x00000508                GPT3_DriverIRQHandler
                0x00000508                CAN_FD2_DriverIRQHandler
                0x00000508                CCM_IRQ2_DriverIRQHandler
                0x00000508                PCIE_CTRL1_0_DriverIRQHandler
                0x00000508                LCDIF2_DriverIRQHandler
                0x00000508                WDOG2_DriverIRQHandler
                0x00000508                ANAMIX_DriverIRQHandler
                0x00000508                MECC_S_ERR_DriverIRQHandler
                0x00000508                USB2_DriverIRQHandler
                0x00000508                GPIO4_Combined_0_15_DriverIRQHandler
                0x00000508                I2C5_DriverIRQHandler
                0x00000508                GPIO4_Combined_16_31_DriverIRQHandler
                0x00000508                ISP1_DriverIRQHandler
                0x00000508                GPIO5_Combined_16_31_DriverIRQHandler
                0x00000508                PCIE_CTRL1_ERR_DriverIRQHandler
                0x00000508                ASRC_DriverIRQHandler
                0x00000508                CAN_FD2_ERROR_DriverIRQHandler
                0x00000508                BusFault_Handler
                0x00000508                ENET1_1588_Timer_DriverIRQHandler
                0x00000508                GPU3D_DriverIRQHandler
                0x00000508                PDM_HWVAD_ERROR_DriverIRQHandler
                0x00000508                PCIE_CTRL1_DriverIRQHandler
                0x00000508                CCM_IRQ1_DriverIRQHandler
                0x00000508                ENET1_MAC0_Rx_Tx_Done2_DriverIRQHandler
                0x00000508                CPU_CTI_Trigger_DriverIRQHandler
                0x00000508                PDM_HWVAD_EVENT_DriverIRQHandler
                0x00000508                MU1_M7_DriverIRQHandler
                0x00000508                MU2_AUDIO_DriverIRQHandler
                0x00000508                PWM3_DriverIRQHandler
                0x00000508                AUDIO_XCVR0_DriverIRQHandler
                0x00000508                GPIO1_INT6_DriverIRQHandler
                0x00000508                GPIO1_INT1_DriverIRQHandler
                0x00000508                ISI_CH1_DriverIRQHandler
                0x00000508                SRC_Combined_DriverIRQHandler
                0x00000508                MU1_A53_DriverIRQHandler
                0x0000050c                NMI_Handler
                0x00000510                HardFault_Handler
                0x00000514                SVC_Handler
                0x00000518                PendSV_Handler
                0x0000051c                SysTick_Handler
                0x00000520                Reserved16_IRQHandler
                0x00000524                DAP_IRQHandler
                0x00000528                SDMA1_IRQHandler
                0x0000052c                GPU3D_IRQHandler
                0x00000530                SNVS_IRQHandler
                0x00000534                LCDIF1_IRQHandler
                0x00000538                LCDIF2_IRQHandler
                0x0000053c                VPU_G1_IRQHandler
                0x00000540                VPU_G2_IRQHandler
                0x00000544                QOS_IRQHandler
                0x00000548                WDOG3_IRQHandler
                0x0000054c                HS_CP1_IRQHandler
                0x00000550                APBHDMA_IRQHandler
                0x00000554                ML_IRQHandler
                0x00000558                BCH_IRQHandler
                0x0000055c                GPMI_IRQHandler
                0x00000560                ISI_IRQHandler
                0x00000564                MIPI_CSI1_IRQHandler
                0x00000568                MIPI_DSI_IRQHandler
                0x0000056c                SNVS_Consolidated_IRQHandler
                0x00000570                SNVS_Security_IRQHandler
                0x00000574                CSU_IRQHandler
                0x00000578                USDHC1_IRQHandler
                0x0000057c                USDHC2_IRQHandler
                0x00000580                USDHC3_IRQHandler
                0x00000584                GPU2D_IRQHandler
                0x00000588                UART1_IRQHandler
                0x0000058c                UART2_IRQHandler
                0x00000590                UART3_IRQHandler
                0x00000594                UART4_IRQHandler
                0x00000598                VPU_IRQHandler
                0x0000059c                ECSPI1_IRQHandler
                0x000005a0                ECSPI2_IRQHandler
                0x000005a4                ECSPI3_IRQHandler
                0x000005a8                SDMA3_IRQHandler
                0x000005ac                I2C1_IRQHandler
                0x000005b0                I2C2_IRQHandler
                0x000005b4                I2C3_IRQHandler
                0x000005b8                I2C4_IRQHandler
                0x000005bc                RDC_IRQHandler
                0x000005c0                USB1_IRQHandler
                0x000005c4                USB2_IRQHandler
                0x000005c8                ISI_CH1_IRQHandler
                0x000005cc                HDMI_TX_IRQHandler
                0x000005d0                PDM_HWVAD_EVENT_IRQHandler
                0x000005d4                PDM_HWVAD_ERROR_IRQHandler
                0x000005d8                GPT6_IRQHandler
                0x000005dc                SCTR_IRQ0_IRQHandler
                0x000005e0                SCTR_IRQ1_IRQHandler
                0x000005e4                ANAMIX_IRQHandler
                0x000005e8                I2S3_IRQHandler
                0x000005ec                GPT5_IRQHandler
                0x000005f0                GPT4_IRQHandler
                0x000005f4                GPT3_IRQHandler
                0x000005f8                GPT2_IRQHandler
                0x000005fc                GPT1_IRQHandler
                0x00000600                GPIO1_INT7_IRQHandler
                0x00000604                GPIO1_INT6_IRQHandler
                0x00000608                GPIO1_INT5_IRQHandler
                0x0000060c                GPIO1_INT4_IRQHandler
                0x00000610                GPIO1_INT3_IRQHandler
                0x00000614                GPIO1_INT2_IRQHandler
                0x00000618                GPIO1_INT1_IRQHandler
                0x0000061c                GPIO1_INT0_IRQHandler
                0x00000620                GPIO1_Combined_0_15_IRQHandler
                0x00000624                GPIO1_Combined_16_31_IRQHandler
                0x00000628                GPIO2_Combined_0_15_IRQHandler
                0x0000062c                GPIO2_Combined_16_31_IRQHandler
                0x00000630                GPIO3_Combined_0_15_IRQHandler
                0x00000634                GPIO3_Combined_16_31_IRQHandler
                0x00000638                GPIO4_Combined_0_15_IRQHandler
                0x0000063c                GPIO4_Combined_16_31_IRQHandler
                0x00000640                GPIO5_Combined_0_15_IRQHandler
                0x00000644                GPIO5_Combined_16_31_IRQHandler
                0x00000648                ISP1_IRQHandler
                0x0000064c                ISP2_IRQHandler
                0x00000650                I2C5_IRQHandler
                0x00000654                I2C6_IRQHandler
                0x00000658                WDOG1_IRQHandler
                0x0000065c                WDOG2_IRQHandler
                0x00000660                MIPI_CSI2_IRQHandler
                0x00000664                PWM1_IRQHandler
                0x00000668                PWM2_IRQHandler
                0x0000066c                PWM3_IRQHandler
                0x00000670                PWM4_IRQHandler
                0x00000674                CCM_IRQ1_IRQHandler
                0x00000678                CCM_IRQ2_IRQHandler
                0x0000067c                GPC_IRQHandler
                0x00000680                MU1_A53_IRQHandler
                0x00000684                SRC_IRQHandler
                0x00000688                I2S56_IRQHandler
                0x0000068c                RTIC_IRQHandler
                0x00000690                CPU_PerformanceUnit_IRQHandler
                0x00000694                CPU_CTI_Trigger_IRQHandler
                0x00000698                SRC_Combined_IRQHandler
                0x0000069c                I2S1_IRQHandler
                0x000006a0                I2S2_IRQHandler
                0x000006a4                MU1_M7_IRQHandler
                0x000006a8                DDR_PerformanceMonitor_IRQHandler
                0x000006ac                DDR_IRQHandler
                0x000006b0                DEWARP_IRQHandler
                0x000006b4                CPU_Error_AXI_IRQHandler
                0x000006b8                CPU_Error_L2RAM_IRQHandler
                0x000006bc                SDMA2_IRQHandler
                0x000006c0                SJC_IRQHandler
                0x000006c4                CAAM_IRQ0_IRQHandler
                0x000006c8                CAAM_IRQ1_IRQHandler
                0x000006cc                FlexSPI_IRQHandler
                0x000006d0                TZASC_IRQHandler
                0x000006d4                PDM_EVENT_IRQHandler
                0x000006d8                PDM_ERROR_IRQHandler
                0x000006dc                I2S7_IRQHandler
                0x000006e0                PERFMON1_IRQHandler
                0x000006e4                PERFMON2_IRQHandler
                0x000006e8                CAAM_IRQ2_IRQHandler
                0x000006ec                CAAM_ERROR_IRQHandler
                0x000006f0                HS_CP0_IRQHandler
                0x000006f4                CM7_CTI_IRQHandler
                0x000006f8                ENET1_MAC0_Rx_Tx_Done1_IRQHandler
                0x000006fc                ENET1_MAC0_Rx_Tx_Done2_IRQHandler
                0x00000700                ENET1_IRQHandler
                0x00000704                ENET1_1588_Timer_IRQHandler
                0x00000708                ASRC_IRQHandler
                0x0000070c                PCIE_CTRL1_0_IRQHandler
                0x00000710                PCIE_CTRL1_1_IRQHandler
                0x00000714                PCIE_CTRL1_2_IRQHandler
                0x00000718                PCIE_CTRL1_3_IRQHandler
                0x0000071c                PCIE_EDMA_IRQHandler
                0x00000724                AUDIO_XCVR1_IRQHandler
                0x00000728                AUD2HTX_IRQHandler
                0x0000072c                EDMA1_ERR_IRQHandler
                0x00000730                EDMA1_0_15_IRQHandler
                0x00000734                EDMA1_16_31_IRQHandler
                0x00000738                ENET_QOS_PMT_IRQHandler
                0x0000073c                ENET_QOS_IRQHandler
                0x00000740                MU2_A53_IRQHandler
                0x00000744                MU2_AUDIO_IRQHandler
                0x00000748                MU3_M7_IRQHandler
                0x0000074c                MU3_AUDIO_IRQHandler
                0x00000750                PCIE_CTRL1_IRQHandler
                0x00000754                PCIE_CTRL1_ERR_IRQHandler
                0x00000758                CAN_FD1_IRQHandler
                0x0000075c                CAN_FD1_ERROR_IRQHandler
                0x00000760                CAN_FD2_IRQHandler
                0x00000764                CAN_FD2_ERROR_IRQHandler
                0x00000768                AUDIO_XCVR_IRQHandler
                0x0000076c                DDR_ERR_IRQHandler
                0x00000770                USB1_WAKEUP_IRQHandler
                0x00000774                USB2_WAKEUP_IRQHandler
                0x00000778                MECC_IRQHandler
                0x0000077c                MECC_ERR_IRQHandler
                0x00000780                MECC_S_IRQHandler
                0x00000784                MECC_S_ERR_IRQHandler
 .text          0x00000a04       0xa0 CMakeFiles/xcvr_iec958.elf.dir/hdd1/om/project/8mp-spdif-iec60958/SDK_24_12_00_EVK-MIMX8MP/devices/MIMX8ML8/utilities/fsl_memcpy.S.obj
                0x00000a04                memcpy
 .text          0x00000aa4       0x10 /opt/arm-gnu-toolchain-14.2.rel1-x86_64-arm-none-eabi/bin/../lib/gcc/arm-none-eabi/14.2.1/../../../../arm-none-eabi/lib/thumb/v7e-m+dp/hard/libc_nano.a(libc_a-strlen.o)
                0x00000aa4                strlen
 .text          0x00000ab4       0x30 /opt/arm-gnu-toolchain-14.2.rel1-x86_64-arm-none-eabi/bin/../lib/gcc/arm-none-eabi/14.2.1/thumb/v7e-m+dp/hard/libgcc.a(_aeabi_uldivmod.o)
                0x00000ab4                __aeabi_uldivmod
 .text          0x00000ae4        0x4 /opt/arm-gnu-toolchain-14.2.rel1-x86_64-arm-none-eabi/bin/../lib/gcc/arm-none-eabi/14.2.1/thumb/v7e-m+dp/hard/libgcc.a(_dvmd_tls.o)
                0x00000ae4                __aeabi_ldiv0
                0x00000ae4                __aeabi_idiv0
 *(.text*)
 .text.deregister_tm_clones
                0x00000ae8       0x1c /opt/arm-gnu-toolchain-14.2.rel1-x86_64-arm-none-eabi/bin/../lib/gcc/arm-none-eabi/14.2.1/thumb/v7e-m+dp/hard/crtbegin.o
 .text.register_tm_clones
                0x00000b04       0x24 /opt/arm-gnu-toolchain-14.2.rel1-x86_64-arm-none-eabi/bin/../lib/gcc/arm-none-eabi/14.2.1/thumb/v7e-m+dp/hard/crtbegin.o
 .text.__do_global_dtors_aux
                0x00000b28       0x28 /opt/arm-gnu-toolchain-14.2.rel1-x86_64-arm-none-eabi/bin/../lib/gcc/arm-none-eabi/14.2.1/thumb/v7e-m+dp/hard/crtbegin.o
 .text.frame_dummy
                0x00000b50       0x24 /opt/arm-gnu-toolchain-14.2.rel1-x86_64-arm-none-eabi/bin/../lib/gcc/arm-none-eabi/14.2.1/thumb/v7e-m+dp/hard/crtbegin.o
 .text.SDMA_SetChannelPriority
                0x00000b74       0x26 CMakeFiles/xcvr_iec958.elf.dir/hdd1/om/project/8mp-spdif-iec60958/SDK_24_12_00_EVK-MIMX8MP/boards/evkmimx8mp/demo_apps/xcvr_iec958/my_app.c.obj
 .text.IOMUXC_SetPinMux
                0x00000b9a       0x3e CMakeFiles/xcvr_iec958.elf.dir/hdd1/om/project/8mp-spdif-iec60958/SDK_24_12_00_EVK-MIMX8MP/boards/evkmimx8mp/demo_apps/xcvr_iec958/my_app.c.obj
 .text.IOMUXC_SetPinConfig
                0x00000bd8       0x26 CMakeFiles/xcvr_iec958.elf.dir/hdd1/om/project/8mp-spdif-iec60958/SDK_24_12_00_EVK-MIMX8MP/boards/evkmimx8mp/demo_apps/xcvr_iec958/my_app.c.obj
 *fill*         0x00000bfe        0x2 
 .text.app_source_init
                0x00000c00      0x1e4 CMakeFiles/xcvr_iec958.elf.dir/hdd1/om/project/8mp-spdif-iec60958/SDK_24_12_00_EVK-MIMX8MP/boards/evkmimx8mp/demo_apps/xcvr_iec958/my_app.c.obj
                0x00000c00                app_source_init
 .text.app_init
                0x00000de4       0x64 CMakeFiles/xcvr_iec958.elf.dir/hdd1/om/project/8mp-spdif-iec60958/SDK_24_12_00_EVK-MIMX8MP/boards/evkmimx8mp/demo_apps/xcvr_iec958/my_app.c.obj
                0x00000de4                app_init
 .text.print_xcvr_config_register
                0x00000e48       0x34 CMakeFiles/xcvr_iec958.elf.dir/hdd1/om/project/8mp-spdif-iec60958/SDK_24_12_00_EVK-MIMX8MP/boards/evkmimx8mp/demo_apps/xcvr_iec958/my_app.c.obj
                0x00000e48                print_xcvr_config_register
 .text.print_xcvr_runtime_register
                0x00000e7c       0x34 CMakeFiles/xcvr_iec958.elf.dir/hdd1/om/project/8mp-spdif-iec60958/SDK_24_12_00_EVK-MIMX8MP/boards/evkmimx8mp/demo_apps/xcvr_iec958/my_app.c.obj
                0x00000e7c                print_xcvr_runtime_register
 .text.app_callback
                0x00000eb0      0x10c CMakeFiles/xcvr_iec958.elf.dir/hdd1/om/project/8mp-spdif-iec60958/SDK_24_12_00_EVK-MIMX8MP/boards/evkmimx8mp/demo_apps/xcvr_iec958/my_app.c.obj
 .text.app_dma_config
                0x00000fbc      0x144 CMakeFiles/xcvr_iec958.elf.dir/hdd1/om/project/8mp-spdif-iec60958/SDK_24_12_00_EVK-MIMX8MP/boards/evkmimx8mp/demo_apps/xcvr_iec958/my_app.c.obj
                0x00000fbc                app_dma_config
 .text.app_config
                0x00001100       0x5c CMakeFiles/xcvr_iec958.elf.dir/hdd1/om/project/8mp-spdif-iec60958/SDK_24_12_00_EVK-MIMX8MP/boards/evkmimx8mp/demo_apps/xcvr_iec958/my_app.c.obj
                0x00001100                app_config
 .text.app_setup
                0x0000115c       0x3c CMakeFiles/xcvr_iec958.elf.dir/hdd1/om/project/8mp-spdif-iec60958/SDK_24_12_00_EVK-MIMX8MP/boards/evkmimx8mp/demo_apps/xcvr_iec958/my_app.c.obj
                0x0000115c                app_setup
 .text.main     0x00001198      0x1e4 CMakeFiles/xcvr_iec958.elf.dir/hdd1/om/project/8mp-spdif-iec60958/SDK_24_12_00_EVK-MIMX8MP/boards/evkmimx8mp/demo_apps/xcvr_iec958/my_app.c.obj
                0x00001198                main
 .text.ARM_MPU_Enable
                0x0000137c       0x44 CMakeFiles/xcvr_iec958.elf.dir/hdd1/om/project/8mp-spdif-iec60958/SDK_24_12_00_EVK-MIMX8MP/boards/evkmimx8mp/demo_apps/xcvr_iec958/board.c.obj
 .text.ARM_MPU_Disable
                0x000013c0       0x40 CMakeFiles/xcvr_iec958.elf.dir/hdd1/om/project/8mp-spdif-iec60958/SDK_24_12_00_EVK-MIMX8MP/boards/evkmimx8mp/demo_apps/xcvr_iec958/board.c.obj
 .text.CLOCK_GetRootPreDivider
                0x00001400       0x20 CMakeFiles/xcvr_iec958.elf.dir/hdd1/om/project/8mp-spdif-iec60958/SDK_24_12_00_EVK-MIMX8MP/boards/evkmimx8mp/demo_apps/xcvr_iec958/board.c.obj
 .text.CLOCK_GetRootPostDivider
                0x00001420       0x1e CMakeFiles/xcvr_iec958.elf.dir/hdd1/om/project/8mp-spdif-iec60958/SDK_24_12_00_EVK-MIMX8MP/boards/evkmimx8mp/demo_apps/xcvr_iec958/board.c.obj
 .text.CLOCK_ControlGate
                0x0000143e       0x1e CMakeFiles/xcvr_iec958.elf.dir/hdd1/om/project/8mp-spdif-iec60958/SDK_24_12_00_EVK-MIMX8MP/boards/evkmimx8mp/demo_apps/xcvr_iec958/board.c.obj
 .text.RDC_GetPeriphAccessPolicy
                0x0000145c       0x54 CMakeFiles/xcvr_iec958.elf.dir/hdd1/om/project/8mp-spdif-iec60958/SDK_24_12_00_EVK-MIMX8MP/boards/evkmimx8mp/demo_apps/xcvr_iec958/board.c.obj
 .text.RDC_GetCurrentMasterDomainId
                0x000014b0       0x20 CMakeFiles/xcvr_iec958.elf.dir/hdd1/om/project/8mp-spdif-iec60958/SDK_24_12_00_EVK-MIMX8MP/boards/evkmimx8mp/demo_apps/xcvr_iec958/board.c.obj
 .text.BOARD_InitDebugConsole
                0x000014d0       0x54 CMakeFiles/xcvr_iec958.elf.dir/hdd1/om/project/8mp-spdif-iec60958/SDK_24_12_00_EVK-MIMX8MP/boards/evkmimx8mp/demo_apps/xcvr_iec958/board.c.obj
                0x000014d0                BOARD_InitDebugConsole
 .text.BOARD_InitMemory
                0x00001524      0x2f8 CMakeFiles/xcvr_iec958.elf.dir/hdd1/om/project/8mp-spdif-iec60958/SDK_24_12_00_EVK-MIMX8MP/boards/evkmimx8mp/demo_apps/xcvr_iec958/board.c.obj
                0x00001524                BOARD_InitMemory
 .text.BOARD_RdcInit
                0x0000181c       0xec CMakeFiles/xcvr_iec958.elf.dir/hdd1/om/project/8mp-spdif-iec60958/SDK_24_12_00_EVK-MIMX8MP/boards/evkmimx8mp/demo_apps/xcvr_iec958/board.c.obj
                0x0000181c                BOARD_RdcInit
 .text.CLOCK_SetRootMux
                0x00001908       0x2c CMakeFiles/xcvr_iec958.elf.dir/hdd1/om/project/8mp-spdif-iec60958/SDK_24_12_00_EVK-MIMX8MP/boards/evkmimx8mp/demo_apps/xcvr_iec958/clock_config.c.obj
 .text.BOARD_BootClockRUN
                0x00001934      0x158 CMakeFiles/xcvr_iec958.elf.dir/hdd1/om/project/8mp-spdif-iec60958/SDK_24_12_00_EVK-MIMX8MP/boards/evkmimx8mp/demo_apps/xcvr_iec958/clock_config.c.obj
                0x00001934                BOARD_BootClockRUN
 .text.IOMUXC_SetPinMux
                0x00001a8c       0x3e CMakeFiles/xcvr_iec958.elf.dir/hdd1/om/project/8mp-spdif-iec60958/SDK_24_12_00_EVK-MIMX8MP/boards/evkmimx8mp/demo_apps/xcvr_iec958/pin_mux.c.obj
 .text.IOMUXC_SetPinConfig
                0x00001aca       0x26 CMakeFiles/xcvr_iec958.elf.dir/hdd1/om/project/8mp-spdif-iec60958/SDK_24_12_00_EVK-MIMX8MP/boards/evkmimx8mp/demo_apps/xcvr_iec958/pin_mux.c.obj
 .text.BOARD_InitBootPins
                0x00001af0        0xc CMakeFiles/xcvr_iec958.elf.dir/hdd1/om/project/8mp-spdif-iec60958/SDK_24_12_00_EVK-MIMX8MP/boards/evkmimx8mp/demo_apps/xcvr_iec958/pin_mux.c.obj
                0x00001af0                BOARD_InitBootPins
 .text.BOARD_InitPins
                0x00001afc       0x74 CMakeFiles/xcvr_iec958.elf.dir/hdd1/om/project/8mp-spdif-iec60958/SDK_24_12_00_EVK-MIMX8MP/boards/evkmimx8mp/demo_apps/xcvr_iec958/pin_mux.c.obj
                0x00001afc                BOARD_InitPins
 .text.BOARD_InitHardware
                0x00001b70       0x1c CMakeFiles/xcvr_iec958.elf.dir/hdd1/om/project/8mp-spdif-iec60958/SDK_24_12_00_EVK-MIMX8MP/boards/evkmimx8mp/demo_apps/xcvr_iec958/hardware_init.c.obj
                0x00001b70                BOARD_InitHardware
 .text.__NVIC_EnableIRQ
                0x00001b8c       0x3c CMakeFiles/xcvr_iec958.elf.dir/hdd1/om/project/8mp-spdif-iec60958/SDK_24_12_00_EVK-MIMX8MP/devices/MIMX8ML8/drivers/fsl_sdma.c.obj
 .text.EnableIRQ
                0x00001bc8       0x32 CMakeFiles/xcvr_iec958.elf.dir/hdd1/om/project/8mp-spdif-iec60958/SDK_24_12_00_EVK-MIMX8MP/devices/MIMX8ML8/drivers/fsl_sdma.c.obj
 .text.SDMA_SetChannelPriority
                0x00001bfa       0x26 CMakeFiles/xcvr_iec958.elf.dir/hdd1/om/project/8mp-spdif-iec60958/SDK_24_12_00_EVK-MIMX8MP/devices/MIMX8ML8/drivers/fsl_sdma.c.obj
 .text.SDMA_SetSourceChannel
                0x00001c20       0x24 CMakeFiles/xcvr_iec958.elf.dir/hdd1/om/project/8mp-spdif-iec60958/SDK_24_12_00_EVK-MIMX8MP/devices/MIMX8ML8/drivers/fsl_sdma.c.obj
 .text.SDMA_StartChannelSoftware
                0x00001c44       0x20 CMakeFiles/xcvr_iec958.elf.dir/hdd1/om/project/8mp-spdif-iec60958/SDK_24_12_00_EVK-MIMX8MP/devices/MIMX8ML8/drivers/fsl_sdma.c.obj
 .text.SDMA_StopChannel
                0x00001c64       0x20 CMakeFiles/xcvr_iec958.elf.dir/hdd1/om/project/8mp-spdif-iec60958/SDK_24_12_00_EVK-MIMX8MP/devices/MIMX8ML8/drivers/fsl_sdma.c.obj
 .text.SDMA_ClearChannelInterruptStatus
                0x00001c84       0x1c CMakeFiles/xcvr_iec958.elf.dir/hdd1/om/project/8mp-spdif-iec60958/SDK_24_12_00_EVK-MIMX8MP/devices/MIMX8ML8/drivers/fsl_sdma.c.obj
 .text.SDMA_ClearChannelStopStatus
                0x00001ca0       0x1c CMakeFiles/xcvr_iec958.elf.dir/hdd1/om/project/8mp-spdif-iec60958/SDK_24_12_00_EVK-MIMX8MP/devices/MIMX8ML8/drivers/fsl_sdma.c.obj
 .text.SDMA_ClearChannelPendStatus
                0x00001cbc       0x1c CMakeFiles/xcvr_iec958.elf.dir/hdd1/om/project/8mp-spdif-iec60958/SDK_24_12_00_EVK-MIMX8MP/devices/MIMX8ML8/drivers/fsl_sdma.c.obj
 .text.MEMORY_ConvertMemoryMapAddress
                0x00001cd8      0x120 CMakeFiles/xcvr_iec958.elf.dir/hdd1/om/project/8mp-spdif-iec60958/SDK_24_12_00_EVK-MIMX8MP/devices/MIMX8ML8/drivers/fsl_sdma.c.obj
 .text.SDMA_GetInstance
                0x00001df8       0x58 CMakeFiles/xcvr_iec958.elf.dir/hdd1/om/project/8mp-spdif-iec60958/SDK_24_12_00_EVK-MIMX8MP/devices/MIMX8ML8/drivers/fsl_sdma.c.obj
 .text.SDMA_RunChannel0
                0x00001e50       0x36 CMakeFiles/xcvr_iec958.elf.dir/hdd1/om/project/8mp-spdif-iec60958/SDK_24_12_00_EVK-MIMX8MP/devices/MIMX8ML8/drivers/fsl_sdma.c.obj
 *fill*         0x00001e86        0x2 
 .text.SDMA_GetScriptAddr
                0x00001e88      0x11c CMakeFiles/xcvr_iec958.elf.dir/hdd1/om/project/8mp-spdif-iec60958/SDK_24_12_00_EVK-MIMX8MP/devices/MIMX8ML8/drivers/fsl_sdma.c.obj
 .text.SDMA_LoadContext
                0x00001fa4      0x190 CMakeFiles/xcvr_iec958.elf.dir/hdd1/om/project/8mp-spdif-iec60958/SDK_24_12_00_EVK-MIMX8MP/devices/MIMX8ML8/drivers/fsl_sdma.c.obj
 .text.SDMA_LoadScript
                0x00002134       0xa8 CMakeFiles/xcvr_iec958.elf.dir/hdd1/om/project/8mp-spdif-iec60958/SDK_24_12_00_EVK-MIMX8MP/devices/MIMX8ML8/drivers/fsl_sdma.c.obj
                0x00002134                SDMA_LoadScript
 .text.SDMA_IsPeripheralInSPBA
                0x000021dc       0xb0 CMakeFiles/xcvr_iec958.elf.dir/hdd1/om/project/8mp-spdif-iec60958/SDK_24_12_00_EVK-MIMX8MP/devices/MIMX8ML8/drivers/fsl_sdma.c.obj
                0x000021dc                SDMA_IsPeripheralInSPBA
 .text.SDMA_Init
                0x0000228c      0x158 CMakeFiles/xcvr_iec958.elf.dir/hdd1/om/project/8mp-spdif-iec60958/SDK_24_12_00_EVK-MIMX8MP/devices/MIMX8ML8/drivers/fsl_sdma.c.obj
                0x0000228c                SDMA_Init
 .text.SDMA_GetDefaultConfig
                0x000023e4       0x44 CMakeFiles/xcvr_iec958.elf.dir/hdd1/om/project/8mp-spdif-iec60958/SDK_24_12_00_EVK-MIMX8MP/devices/MIMX8ML8/drivers/fsl_sdma.c.obj
                0x000023e4                SDMA_GetDefaultConfig
 .text.SDMA_ResetModule
                0x00002428       0x98 CMakeFiles/xcvr_iec958.elf.dir/hdd1/om/project/8mp-spdif-iec60958/SDK_24_12_00_EVK-MIMX8MP/devices/MIMX8ML8/drivers/fsl_sdma.c.obj
                0x00002428                SDMA_ResetModule
 .text.SDMA_ConfigBufferDescriptor
                0x000024c0       0xd0 CMakeFiles/xcvr_iec958.elf.dir/hdd1/om/project/8mp-spdif-iec60958/SDK_24_12_00_EVK-MIMX8MP/devices/MIMX8ML8/drivers/fsl_sdma.c.obj
                0x000024c0                SDMA_ConfigBufferDescriptor
 .text.SDMA_SetContextSwitchMode
                0x00002590       0x30 CMakeFiles/xcvr_iec958.elf.dir/hdd1/om/project/8mp-spdif-iec60958/SDK_24_12_00_EVK-MIMX8MP/devices/MIMX8ML8/drivers/fsl_sdma.c.obj
                0x00002590                SDMA_SetContextSwitchMode
 .text.SDMA_CreateHandle
                0x000025c0      0x118 CMakeFiles/xcvr_iec958.elf.dir/hdd1/om/project/8mp-spdif-iec60958/SDK_24_12_00_EVK-MIMX8MP/devices/MIMX8ML8/drivers/fsl_sdma.c.obj
                0x000025c0                SDMA_CreateHandle
 .text.SDMA_InstallBDMemory
                0x000026d8       0xac CMakeFiles/xcvr_iec958.elf.dir/hdd1/om/project/8mp-spdif-iec60958/SDK_24_12_00_EVK-MIMX8MP/devices/MIMX8ML8/drivers/fsl_sdma.c.obj
                0x000026d8                SDMA_InstallBDMemory
 .text.SDMA_SetCallback
                0x00002784       0x40 CMakeFiles/xcvr_iec958.elf.dir/hdd1/om/project/8mp-spdif-iec60958/SDK_24_12_00_EVK-MIMX8MP/devices/MIMX8ML8/drivers/fsl_sdma.c.obj
                0x00002784                SDMA_SetCallback
 .text.SDMA_PrepareTransfer
                0x000027c4      0x1f4 CMakeFiles/xcvr_iec958.elf.dir/hdd1/om/project/8mp-spdif-iec60958/SDK_24_12_00_EVK-MIMX8MP/devices/MIMX8ML8/drivers/fsl_sdma.c.obj
                0x000027c4                SDMA_PrepareTransfer
 .text.SDMA_SubmitTransfer
                0x000029b8      0x2cc CMakeFiles/xcvr_iec958.elf.dir/hdd1/om/project/8mp-spdif-iec60958/SDK_24_12_00_EVK-MIMX8MP/devices/MIMX8ML8/drivers/fsl_sdma.c.obj
                0x000029b8                SDMA_SubmitTransfer
 .text.SDMA_StartTransfer
                0x00002c84       0xa0 CMakeFiles/xcvr_iec958.elf.dir/hdd1/om/project/8mp-spdif-iec60958/SDK_24_12_00_EVK-MIMX8MP/devices/MIMX8ML8/drivers/fsl_sdma.c.obj
                0x00002c84                SDMA_StartTransfer
 .text.SDMA_StopTransfer
                0x00002d24       0x44 CMakeFiles/xcvr_iec958.elf.dir/hdd1/om/project/8mp-spdif-iec60958/SDK_24_12_00_EVK-MIMX8MP/devices/MIMX8ML8/drivers/fsl_sdma.c.obj
                0x00002d24                SDMA_StopTransfer
 .text.SDMA_AbortTransfer
                0x00002d68       0xbc CMakeFiles/xcvr_iec958.elf.dir/hdd1/om/project/8mp-spdif-iec60958/SDK_24_12_00_EVK-MIMX8MP/devices/MIMX8ML8/drivers/fsl_sdma.c.obj
                0x00002d68                SDMA_AbortTransfer
 .text.SDMA_HandleIRQ
                0x00002e24       0xb4 CMakeFiles/xcvr_iec958.elf.dir/hdd1/om/project/8mp-spdif-iec60958/SDK_24_12_00_EVK-MIMX8MP/devices/MIMX8ML8/drivers/fsl_sdma.c.obj
                0x00002e24                SDMA_HandleIRQ
 .text.SDMA1_DriverIRQHandler
                0x00002ed8       0x74 CMakeFiles/xcvr_iec958.elf.dir/hdd1/om/project/8mp-spdif-iec60958/SDK_24_12_00_EVK-MIMX8MP/devices/MIMX8ML8/drivers/fsl_sdma.c.obj
                0x00002ed8                SDMA1_DriverIRQHandler
 .text.SDMA2_DriverIRQHandler
                0x00002f4c       0x78 CMakeFiles/xcvr_iec958.elf.dir/hdd1/om/project/8mp-spdif-iec60958/SDK_24_12_00_EVK-MIMX8MP/devices/MIMX8ML8/drivers/fsl_sdma.c.obj
                0x00002f4c                SDMA2_DriverIRQHandler
 .text.SDMA3_DriverIRQHandler
                0x00002fc4       0x78 CMakeFiles/xcvr_iec958.elf.dir/hdd1/om/project/8mp-spdif-iec60958/SDK_24_12_00_EVK-MIMX8MP/devices/MIMX8ML8/drivers/fsl_sdma.c.obj
                0x00002fc4                SDMA3_DriverIRQHandler
 .text.HAL_UartGetStatus
                0x0000303c       0x22 CMakeFiles/xcvr_iec958.elf.dir/hdd1/om/project/8mp-spdif-iec60958/SDK_24_12_00_EVK-MIMX8MP/components/uart/fsl_adapter_iuart.c.obj
 *fill*         0x0000305e        0x2 
 .text.HAL_UartInit
                0x00003060      0x120 CMakeFiles/xcvr_iec958.elf.dir/hdd1/om/project/8mp-spdif-iec60958/SDK_24_12_00_EVK-MIMX8MP/components/uart/fsl_adapter_iuart.c.obj
                0x00003060                HAL_UartInit
 .text.HAL_UartReceiveBlocking
                0x00003180       0x8c CMakeFiles/xcvr_iec958.elf.dir/hdd1/om/project/8mp-spdif-iec60958/SDK_24_12_00_EVK-MIMX8MP/components/uart/fsl_adapter_iuart.c.obj
                0x00003180                HAL_UartReceiveBlocking
 .text.HAL_UartSendBlocking
                0x0000320c       0x84 CMakeFiles/xcvr_iec958.elf.dir/hdd1/om/project/8mp-spdif-iec60958/SDK_24_12_00_EVK-MIMX8MP/components/uart/fsl_adapter_iuart.c.obj
                0x0000320c                HAL_UartSendBlocking
 .text.GetFracPllFreq
                0x00003290      0x148 CMakeFiles/xcvr_iec958.elf.dir/hdd1/om/project/8mp-spdif-iec60958/SDK_24_12_00_EVK-MIMX8MP/devices/MIMX8ML8/system_MIMX8ML8_cm7.c.obj
                0x00003290                GetFracPllFreq
 .text.GetIntegerPllFreq
                0x000033d8       0xfc CMakeFiles/xcvr_iec958.elf.dir/hdd1/om/project/8mp-spdif-iec60958/SDK_24_12_00_EVK-MIMX8MP/devices/MIMX8ML8/system_MIMX8ML8_cm7.c.obj
                0x000033d8                GetIntegerPllFreq
 .text.SystemInit
                0x000034d4       0x20 CMakeFiles/xcvr_iec958.elf.dir/hdd1/om/project/8mp-spdif-iec60958/SDK_24_12_00_EVK-MIMX8MP/devices/MIMX8ML8/system_MIMX8ML8_cm7.c.obj
                0x000034d4                SystemInit
 .text.SystemCoreClockUpdate
                0x000034f4      0x108 CMakeFiles/xcvr_iec958.elf.dir/hdd1/om/project/8mp-spdif-iec60958/SDK_24_12_00_EVK-MIMX8MP/devices/MIMX8ML8/system_MIMX8ML8_cm7.c.obj
                0x000034f4                SystemCoreClockUpdate
 .text.SystemInitHook
                0x000035fc        0xe CMakeFiles/xcvr_iec958.elf.dir/hdd1/om/project/8mp-spdif-iec60958/SDK_24_12_00_EVK-MIMX8MP/devices/MIMX8ML8/system_MIMX8ML8_cm7.c.obj
                0x000035fc                SystemInitHook
 .text.AUDIOMIX_AttachClk
                0x0000360a       0x44 CMakeFiles/xcvr_iec958.elf.dir/hdd1/om/project/8mp-spdif-iec60958/SDK_24_12_00_EVK-MIMX8MP/devices/MIMX8ML8/drivers/fsl_audiomix.c.obj
                0x0000360a                AUDIOMIX_AttachClk
 *fill*         0x0000364e        0x2 
 .text.AUDIOMIX_InitAudioPll
                0x00003650       0xbc CMakeFiles/xcvr_iec958.elf.dir/hdd1/om/project/8mp-spdif-iec60958/SDK_24_12_00_EVK-MIMX8MP/devices/MIMX8ML8/drivers/fsl_audiomix.c.obj
                0x00003650                AUDIOMIX_InitAudioPll
 .text.CLOCK_SetPllBypass
                0x0000370c       0x68 CMakeFiles/xcvr_iec958.elf.dir/hdd1/om/project/8mp-spdif-iec60958/SDK_24_12_00_EVK-MIMX8MP/devices/MIMX8ML8/drivers/fsl_clock.c.obj
 .text.CLOCK_IsPllBypassed
                0x00003774       0x38 CMakeFiles/xcvr_iec958.elf.dir/hdd1/om/project/8mp-spdif-iec60958/SDK_24_12_00_EVK-MIMX8MP/devices/MIMX8ML8/drivers/fsl_clock.c.obj
 .text.CLOCK_IsPllLocked
                0x000037ac       0x24 CMakeFiles/xcvr_iec958.elf.dir/hdd1/om/project/8mp-spdif-iec60958/SDK_24_12_00_EVK-MIMX8MP/devices/MIMX8ML8/drivers/fsl_clock.c.obj
 .text.CLOCK_EnableAnalogClock
                0x000037d0       0x38 CMakeFiles/xcvr_iec958.elf.dir/hdd1/om/project/8mp-spdif-iec60958/SDK_24_12_00_EVK-MIMX8MP/devices/MIMX8ML8/drivers/fsl_clock.c.obj
 .text.CLOCK_GetPllRefClkFreq
                0x00003808       0x78 CMakeFiles/xcvr_iec958.elf.dir/hdd1/om/project/8mp-spdif-iec60958/SDK_24_12_00_EVK-MIMX8MP/devices/MIMX8ML8/drivers/fsl_clock.c.obj
                0x00003808                CLOCK_GetPllRefClkFreq
 .text.CLOCK_GetPllFreq
                0x00003880      0x18c CMakeFiles/xcvr_iec958.elf.dir/hdd1/om/project/8mp-spdif-iec60958/SDK_24_12_00_EVK-MIMX8MP/devices/MIMX8ML8/drivers/fsl_clock.c.obj
                0x00003880                CLOCK_GetPllFreq
 .text.CLOCK_InitAudioPll1
                0x00003a0c       0x68 CMakeFiles/xcvr_iec958.elf.dir/hdd1/om/project/8mp-spdif-iec60958/SDK_24_12_00_EVK-MIMX8MP/devices/MIMX8ML8/drivers/fsl_clock.c.obj
                0x00003a0c                CLOCK_InitAudioPll1
 .text.CLOCK_InitAudioPll2
                0x00003a74       0x74 CMakeFiles/xcvr_iec958.elf.dir/hdd1/om/project/8mp-spdif-iec60958/SDK_24_12_00_EVK-MIMX8MP/devices/MIMX8ML8/drivers/fsl_clock.c.obj
                0x00003a74                CLOCK_InitAudioPll2
 .text.CLOCK_InitFracPll
                0x00003ae8      0x160 CMakeFiles/xcvr_iec958.elf.dir/hdd1/om/project/8mp-spdif-iec60958/SDK_24_12_00_EVK-MIMX8MP/devices/MIMX8ML8/drivers/fsl_clock.c.obj
                0x00003ae8                CLOCK_InitFracPll
 .text.CLOCK_GetFracPllFreq
                0x00003c48      0x144 CMakeFiles/xcvr_iec958.elf.dir/hdd1/om/project/8mp-spdif-iec60958/SDK_24_12_00_EVK-MIMX8MP/devices/MIMX8ML8/drivers/fsl_clock.c.obj
                0x00003c48                CLOCK_GetFracPllFreq
 .text.CLOCK_GetIntegerPllFreq
                0x00003d8c      0x10c CMakeFiles/xcvr_iec958.elf.dir/hdd1/om/project/8mp-spdif-iec60958/SDK_24_12_00_EVK-MIMX8MP/devices/MIMX8ML8/drivers/fsl_clock.c.obj
                0x00003d8c                CLOCK_GetIntegerPllFreq
 .text.CLOCK_SetRootDivider
                0x00003e98       0x80 CMakeFiles/xcvr_iec958.elf.dir/hdd1/om/project/8mp-spdif-iec60958/SDK_24_12_00_EVK-MIMX8MP/devices/MIMX8ML8/drivers/fsl_clock.c.obj
                0x00003e98                CLOCK_SetRootDivider
 .text.CLOCK_EnableClock
                0x00003f18       0xa0 CMakeFiles/xcvr_iec958.elf.dir/hdd1/om/project/8mp-spdif-iec60958/SDK_24_12_00_EVK-MIMX8MP/devices/MIMX8ML8/drivers/fsl_clock.c.obj
                0x00003f18                CLOCK_EnableClock
 .text.CLOCK_DisableClock
                0x00003fb8       0xa0 CMakeFiles/xcvr_iec958.elf.dir/hdd1/om/project/8mp-spdif-iec60958/SDK_24_12_00_EVK-MIMX8MP/devices/MIMX8ML8/drivers/fsl_clock.c.obj
                0x00003fb8                CLOCK_DisableClock
 .text.UART_SoftwareReset
                0x00004058       0x36 CMakeFiles/xcvr_iec958.elf.dir/hdd1/om/project/8mp-spdif-iec60958/SDK_24_12_00_EVK-MIMX8MP/devices/MIMX8ML8/drivers/fsl_uart.c.obj
 .text.UART_Enable
                0x0000408e       0x24 CMakeFiles/xcvr_iec958.elf.dir/hdd1/om/project/8mp-spdif-iec60958/SDK_24_12_00_EVK-MIMX8MP/devices/MIMX8ML8/drivers/fsl_uart.c.obj
 .text.UART_Disable
                0x000040b2       0x24 CMakeFiles/xcvr_iec958.elf.dir/hdd1/om/project/8mp-spdif-iec60958/SDK_24_12_00_EVK-MIMX8MP/devices/MIMX8ML8/drivers/fsl_uart.c.obj
 .text.UART_WriteByte
                0x000040d6       0x1e CMakeFiles/xcvr_iec958.elf.dir/hdd1/om/project/8mp-spdif-iec60958/SDK_24_12_00_EVK-MIMX8MP/devices/MIMX8ML8/drivers/fsl_uart.c.obj
 .text.UART_ReadByte
                0x000040f4       0x1a CMakeFiles/xcvr_iec958.elf.dir/hdd1/om/project/8mp-spdif-iec60958/SDK_24_12_00_EVK-MIMX8MP/devices/MIMX8ML8/drivers/fsl_uart.c.obj
 *fill*         0x0000410e        0x2 
 .text.UART_SetTxFifoWatermark
                0x00004110       0x54 CMakeFiles/xcvr_iec958.elf.dir/hdd1/om/project/8mp-spdif-iec60958/SDK_24_12_00_EVK-MIMX8MP/devices/MIMX8ML8/drivers/fsl_uart.c.obj
 .text.UART_SetRxRTSWatermark
                0x00004164       0x4c CMakeFiles/xcvr_iec958.elf.dir/hdd1/om/project/8mp-spdif-iec60958/SDK_24_12_00_EVK-MIMX8MP/devices/MIMX8ML8/drivers/fsl_uart.c.obj
 .text.UART_SetRxFifoWatermark
                0x000041b0       0x4c CMakeFiles/xcvr_iec958.elf.dir/hdd1/om/project/8mp-spdif-iec60958/SDK_24_12_00_EVK-MIMX8MP/devices/MIMX8ML8/drivers/fsl_uart.c.obj
 .text.UART_EnableAutoBaudRate
                0x000041fc       0x50 CMakeFiles/xcvr_iec958.elf.dir/hdd1/om/project/8mp-spdif-iec60958/SDK_24_12_00_EVK-MIMX8MP/devices/MIMX8ML8/drivers/fsl_uart.c.obj
 .text.UART_GetInstance
                0x0000424c       0x60 CMakeFiles/xcvr_iec958.elf.dir/hdd1/om/project/8mp-spdif-iec60958/SDK_24_12_00_EVK-MIMX8MP/devices/MIMX8ML8/drivers/fsl_uart.c.obj
                0x0000424c                UART_GetInstance
 .text.UART_Init
                0x000042ac      0x1a0 CMakeFiles/xcvr_iec958.elf.dir/hdd1/om/project/8mp-spdif-iec60958/SDK_24_12_00_EVK-MIMX8MP/devices/MIMX8ML8/drivers/fsl_uart.c.obj
                0x000042ac                UART_Init
 .text.UART_GetDefaultConfig
                0x0000444c       0x84 CMakeFiles/xcvr_iec958.elf.dir/hdd1/om/project/8mp-spdif-iec60958/SDK_24_12_00_EVK-MIMX8MP/devices/MIMX8ML8/drivers/fsl_uart.c.obj
                0x0000444c                UART_GetDefaultConfig
 .text.UART_SetBaudRate
                0x000044d0      0x3b0 CMakeFiles/xcvr_iec958.elf.dir/hdd1/om/project/8mp-spdif-iec60958/SDK_24_12_00_EVK-MIMX8MP/devices/MIMX8ML8/drivers/fsl_uart.c.obj
                0x000044d0                UART_SetBaudRate
 .text.UART_ClearStatusFlag
                0x00004880       0x3c CMakeFiles/xcvr_iec958.elf.dir/hdd1/om/project/8mp-spdif-iec60958/SDK_24_12_00_EVK-MIMX8MP/devices/MIMX8ML8/drivers/fsl_uart.c.obj
                0x00004880                UART_ClearStatusFlag
 .text.UART_WriteBlocking
                0x000048bc       0x70 CMakeFiles/xcvr_iec958.elf.dir/hdd1/om/project/8mp-spdif-iec60958/SDK_24_12_00_EVK-MIMX8MP/devices/MIMX8ML8/drivers/fsl_uart.c.obj
                0x000048bc                UART_WriteBlocking
 .text.UART_ReadBlocking
                0x0000492c       0xdc CMakeFiles/xcvr_iec958.elf.dir/hdd1/om/project/8mp-spdif-iec60958/SDK_24_12_00_EVK-MIMX8MP/devices/MIMX8ML8/drivers/fsl_uart.c.obj
                0x0000492c                UART_ReadBlocking
 .text.UART1_DriverIRQHandler
                0x00004a08       0x28 CMakeFiles/xcvr_iec958.elf.dir/hdd1/om/project/8mp-spdif-iec60958/SDK_24_12_00_EVK-MIMX8MP/devices/MIMX8ML8/drivers/fsl_uart.c.obj
                0x00004a08                UART1_DriverIRQHandler
 .text.UART2_DriverIRQHandler
                0x00004a30       0x28 CMakeFiles/xcvr_iec958.elf.dir/hdd1/om/project/8mp-spdif-iec60958/SDK_24_12_00_EVK-MIMX8MP/devices/MIMX8ML8/drivers/fsl_uart.c.obj
                0x00004a30                UART2_DriverIRQHandler
 .text.UART3_DriverIRQHandler
                0x00004a58       0x28 CMakeFiles/xcvr_iec958.elf.dir/hdd1/om/project/8mp-spdif-iec60958/SDK_24_12_00_EVK-MIMX8MP/devices/MIMX8ML8/drivers/fsl_uart.c.obj
                0x00004a58                UART3_DriverIRQHandler
 .text.UART4_DriverIRQHandler
                0x00004a80       0x28 CMakeFiles/xcvr_iec958.elf.dir/hdd1/om/project/8mp-spdif-iec60958/SDK_24_12_00_EVK-MIMX8MP/devices/MIMX8ML8/drivers/fsl_uart.c.obj
                0x00004a80                UART4_DriverIRQHandler
 .text.RDC_SetMasterDomainAssignment
                0x00004aa8       0x48 CMakeFiles/xcvr_iec958.elf.dir/hdd1/om/project/8mp-spdif-iec60958/SDK_24_12_00_EVK-MIMX8MP/devices/MIMX8ML8/drivers/fsl_rdc.c.obj
                0x00004aa8                RDC_SetMasterDomainAssignment
 .text.__NVIC_EnableIRQ
                0x00004af0       0x3c CMakeFiles/xcvr_iec958.elf.dir/hdd1/om/project/8mp-spdif-iec60958/SDK_24_12_00_EVK-MIMX8MP/devices/MIMX8ML8/drivers/fsl_xcvr.c.obj
 .text.CLOCK_SetRootMux
                0x00004b2c       0x2c CMakeFiles/xcvr_iec958.elf.dir/hdd1/om/project/8mp-spdif-iec60958/SDK_24_12_00_EVK-MIMX8MP/devices/MIMX8ML8/drivers/fsl_xcvr.c.obj
 .text.EnableIRQ
                0x00004b58       0x32 CMakeFiles/xcvr_iec958.elf.dir/hdd1/om/project/8mp-spdif-iec60958/SDK_24_12_00_EVK-MIMX8MP/devices/MIMX8ML8/drivers/fsl_xcvr.c.obj
 .text.SDMA_StopChannel
                0x00004b8a       0x20 CMakeFiles/xcvr_iec958.elf.dir/hdd1/om/project/8mp-spdif-iec60958/SDK_24_12_00_EVK-MIMX8MP/devices/MIMX8ML8/drivers/fsl_xcvr.c.obj
 *fill*         0x00004baa        0x2 
 .text.XCVR_ConfigPlls
                0x00004bac       0x34 CMakeFiles/xcvr_iec958.elf.dir/hdd1/om/project/8mp-spdif-iec60958/SDK_24_12_00_EVK-MIMX8MP/devices/MIMX8ML8/drivers/fsl_xcvr.c.obj
 .text.XCVR_ConfigClocks
                0x00004be0       0x50 CMakeFiles/xcvr_iec958.elf.dir/hdd1/om/project/8mp-spdif-iec60958/SDK_24_12_00_EVK-MIMX8MP/devices/MIMX8ML8/drivers/fsl_xcvr.c.obj
 .text.XCVR_Init
                0x00004c30       0x64 CMakeFiles/xcvr_iec958.elf.dir/hdd1/om/project/8mp-spdif-iec60958/SDK_24_12_00_EVK-MIMX8MP/devices/MIMX8ML8/drivers/fsl_xcvr.c.obj
                0x00004c30                XCVR_Init
 .text.XCVR_load_firmware
                0x00004c94      0x154 CMakeFiles/xcvr_iec958.elf.dir/hdd1/om/project/8mp-spdif-iec60958/SDK_24_12_00_EVK-MIMX8MP/devices/MIMX8ML8/drivers/fsl_xcvr.c.obj
                0x00004c94                XCVR_load_firmware
 .text.xcvr_ai_write
                0x00004de8       0xda CMakeFiles/xcvr_iec958.elf.dir/hdd1/om/project/8mp-spdif-iec60958/SDK_24_12_00_EVK-MIMX8MP/devices/MIMX8ML8/drivers/fsl_xcvr.c.obj
 *fill*         0x00004ec2        0x2 
 .text.set_clk_rate
                0x00004ec4       0x2c CMakeFiles/xcvr_iec958.elf.dir/hdd1/om/project/8mp-spdif-iec60958/SDK_24_12_00_EVK-MIMX8MP/devices/MIMX8ML8/drivers/fsl_xcvr.c.obj
 .text.xcvr_en_aud_pll
                0x00004ef0       0x50 CMakeFiles/xcvr_iec958.elf.dir/hdd1/om/project/8mp-spdif-iec60958/SDK_24_12_00_EVK-MIMX8MP/devices/MIMX8ML8/drivers/fsl_xcvr.c.obj
 .text.XCVR_Prepare
                0x00004f40       0x72 CMakeFiles/xcvr_iec958.elf.dir/hdd1/om/project/8mp-spdif-iec60958/SDK_24_12_00_EVK-MIMX8MP/devices/MIMX8ML8/drivers/fsl_xcvr.c.obj
                0x00004f40                XCVR_Prepare
 *fill*         0x00004fb2        0x2 
 .text.XCVR_Trigger
                0x00004fb4      0x118 CMakeFiles/xcvr_iec958.elf.dir/hdd1/om/project/8mp-spdif-iec60958/SDK_24_12_00_EVK-MIMX8MP/devices/MIMX8ML8/drivers/fsl_xcvr.c.obj
                0x00004fb4                XCVR_Trigger
 .text.XCVR_TxEnableDMA
                0x000050cc       0x48 CMakeFiles/xcvr_iec958.elf.dir/hdd1/om/project/8mp-spdif-iec60958/SDK_24_12_00_EVK-MIMX8MP/devices/MIMX8ML8/drivers/fsl_xcvr.c.obj
                0x000050cc                XCVR_TxEnableDMA
 .text.XCVR_TxSDMACallback
                0x00005114      0x114 CMakeFiles/xcvr_iec958.elf.dir/hdd1/om/project/8mp-spdif-iec60958/SDK_24_12_00_EVK-MIMX8MP/devices/MIMX8ML8/drivers/fsl_xcvr.c.obj
 .text.XCVR_TransferTxCreateHandleSDMA
                0x00005228       0x84 CMakeFiles/xcvr_iec958.elf.dir/hdd1/om/project/8mp-spdif-iec60958/SDK_24_12_00_EVK-MIMX8MP/devices/MIMX8ML8/drivers/fsl_xcvr.c.obj
                0x00005228                XCVR_TransferTxCreateHandleSDMA
 .text.XCVR_TransferTxSetConfigSDMA
                0x000052ac       0x44 CMakeFiles/xcvr_iec958.elf.dir/hdd1/om/project/8mp-spdif-iec60958/SDK_24_12_00_EVK-MIMX8MP/devices/MIMX8ML8/drivers/fsl_xcvr.c.obj
                0x000052ac                XCVR_TransferTxSetConfigSDMA
 .text.XCVR_TransferSendSDMA
                0x000052f0      0x2a0 CMakeFiles/xcvr_iec958.elf.dir/hdd1/om/project/8mp-spdif-iec60958/SDK_24_12_00_EVK-MIMX8MP/devices/MIMX8ML8/drivers/fsl_xcvr.c.obj
                0x000052f0                XCVR_TransferSendSDMA
 .text.AUDIO_XCVR0_IRQHandler
                0x00005590      0x1f0 CMakeFiles/xcvr_iec958.elf.dir/hdd1/om/project/8mp-spdif-iec60958/SDK_24_12_00_EVK-MIMX8MP/devices/MIMX8ML8/drivers/fsl_xcvr.c.obj
                0x00005590                AUDIO_XCVR0_IRQHandler
 .text.XCVR_IRQ_TransferSetup
                0x00005780       0x58 CMakeFiles/xcvr_iec958.elf.dir/hdd1/om/project/8mp-spdif-iec60958/SDK_24_12_00_EVK-MIMX8MP/devices/MIMX8ML8/drivers/fsl_xcvr.c.obj
                0x00005780                XCVR_IRQ_TransferSetup
 .text.write_to_fifo
                0x000057d8       0xb4 CMakeFiles/xcvr_iec958.elf.dir/hdd1/om/project/8mp-spdif-iec60958/SDK_24_12_00_EVK-MIMX8MP/devices/MIMX8ML8/drivers/fsl_xcvr.c.obj
                0x000057d8                write_to_fifo
 .text.Set_CS_UD_Values
                0x0000588c      0x204 CMakeFiles/xcvr_iec958.elf.dir/hdd1/om/project/8mp-spdif-iec60958/SDK_24_12_00_EVK-MIMX8MP/devices/MIMX8ML8/drivers/fsl_xcvr.c.obj
                0x0000588c                Set_CS_UD_Values
 .text.XCVR_write_CS_to_Reg
                0x00005a90       0x6a CMakeFiles/xcvr_iec958.elf.dir/hdd1/om/project/8mp-spdif-iec60958/SDK_24_12_00_EVK-MIMX8MP/devices/MIMX8ML8/drivers/fsl_xcvr.c.obj
                0x00005a90                XCVR_write_CS_to_Reg
 .text.XCVR_write_UD_to_Reg
                0x00005afa       0x6a CMakeFiles/xcvr_iec958.elf.dir/hdd1/om/project/8mp-spdif-iec60958/SDK_24_12_00_EVK-MIMX8MP/devices/MIMX8ML8/drivers/fsl_xcvr.c.obj
                0x00005afa                XCVR_write_UD_to_Reg
 .text.XCVR_AdvanceConfiguration
                0x00005b64       0x3c CMakeFiles/xcvr_iec958.elf.dir/hdd1/om/project/8mp-spdif-iec60958/SDK_24_12_00_EVK-MIMX8MP/devices/MIMX8ML8/drivers/fsl_xcvr.c.obj
                0x00005b64                XCVR_AdvanceConfiguration
 .text.fsl_assert_hook
                0x00005ba0       0x1a CMakeFiles/xcvr_iec958.elf.dir/hdd1/om/project/8mp-spdif-iec60958/SDK_24_12_00_EVK-MIMX8MP/devices/MIMX8ML8/utilities/debug_console_lite/fsl_assert.c.obj
                0x00005ba0                fsl_assert_hook
 *fill*         0x00005bba        0x2 
 .text.__assert_func
                0x00005bbc       0x30 CMakeFiles/xcvr_iec958.elf.dir/hdd1/om/project/8mp-spdif-iec60958/SDK_24_12_00_EVK-MIMX8MP/devices/MIMX8ML8/utilities/debug_console_lite/fsl_assert.c.obj
                0x00005bbc                __assert_func
 .text.DbgConsole_Init
                0x00005bec       0x88 CMakeFiles/xcvr_iec958.elf.dir/hdd1/om/project/8mp-spdif-iec60958/SDK_24_12_00_EVK-MIMX8MP/devices/MIMX8ML8/utilities/debug_console_lite/fsl_debug_console.c.obj
                0x00005bec                DbgConsole_Init
 .text.DbgConsole_Printf
                0x00005c74       0x2c CMakeFiles/xcvr_iec958.elf.dir/hdd1/om/project/8mp-spdif-iec60958/SDK_24_12_00_EVK-MIMX8MP/devices/MIMX8ML8/utilities/debug_console_lite/fsl_debug_console.c.obj
                0x00005c74                DbgConsole_Printf
 .text.DbgConsole_Vprintf
                0x00005ca0       0x3c CMakeFiles/xcvr_iec958.elf.dir/hdd1/om/project/8mp-spdif-iec60958/SDK_24_12_00_EVK-MIMX8MP/devices/MIMX8ML8/utilities/debug_console_lite/fsl_debug_console.c.obj
                0x00005ca0                DbgConsole_Vprintf
 .text.DbgConsole_Putchar
                0x00005cdc       0x30 CMakeFiles/xcvr_iec958.elf.dir/hdd1/om/project/8mp-spdif-iec60958/SDK_24_12_00_EVK-MIMX8MP/devices/MIMX8ML8/utilities/debug_console_lite/fsl_debug_console.c.obj
                0x00005cdc                DbgConsole_Putchar
 .text.DbgConsole_PrintfPaddingCharacter
                0x00005d0c       0x40 CMakeFiles/xcvr_iec958.elf.dir/hdd1/om/project/8mp-spdif-iec60958/SDK_24_12_00_EVK-MIMX8MP/devices/MIMX8ML8/utilities/debug_console_lite/fsl_debug_console.c.obj
 .text.DbgConsole_ConvertRadixNumToString
                0x00005d4c       0xc2 CMakeFiles/xcvr_iec958.elf.dir/hdd1/om/project/8mp-spdif-iec60958/SDK_24_12_00_EVK-MIMX8MP/devices/MIMX8ML8/utilities/debug_console_lite/fsl_debug_console.c.obj
 *fill*         0x00005e0e        0x2 
 .text.DbgConsole_PrintfFormattedData
                0x00005e10      0x3e0 CMakeFiles/xcvr_iec958.elf.dir/hdd1/om/project/8mp-spdif-iec60958/SDK_24_12_00_EVK-MIMX8MP/devices/MIMX8ML8/utilities/debug_console_lite/fsl_debug_console.c.obj
 .text.exit     0x000061f0       0x24 /opt/arm-gnu-toolchain-14.2.rel1-x86_64-arm-none-eabi/bin/../lib/gcc/arm-none-eabi/14.2.1/../../../../arm-none-eabi/lib/thumb/v7e-m+dp/hard/libc_nano.a(libc_a-exit.o)
                0x000061f0                exit
 .text.memset   0x00006214       0x10 /opt/arm-gnu-toolchain-14.2.rel1-x86_64-arm-none-eabi/bin/../lib/gcc/arm-none-eabi/14.2.1/../../../../arm-none-eabi/lib/thumb/v7e-m+dp/hard/libc_nano.a(libc_a-memset.o)
                0x00006214                memset
 .text.__libc_init_array
                0x00006224       0x48 /opt/arm-gnu-toolchain-14.2.rel1-x86_64-arm-none-eabi/bin/../lib/gcc/arm-none-eabi/14.2.1/../../../../arm-none-eabi/lib/thumb/v7e-m+dp/hard/libc_nano.a(libc_a-init.o)
                0x00006224                __libc_init_array
 .text.__udivmoddi4
                0x0000626c      0x2f8 /opt/arm-gnu-toolchain-14.2.rel1-x86_64-arm-none-eabi/bin/../lib/gcc/arm-none-eabi/14.2.1/thumb/v7e-m+dp/hard/libgcc.a(_udivmoddi4.o)
                0x0000626c                __udivmoddi4
 .text._exit    0x00006564        0x4 /opt/arm-gnu-toolchain-14.2.rel1-x86_64-arm-none-eabi/bin/../lib/gcc/arm-none-eabi/14.2.1/../../../../arm-none-eabi/lib/thumb/v7e-m+dp/hard/libnosys.a(_exit.o)
                0x00006564                _exit
 *(.rodata)
 .rodata        0x00006568      0x424 CMakeFiles/xcvr_iec958.elf.dir/hdd1/om/project/8mp-spdif-iec60958/SDK_24_12_00_EVK-MIMX8MP/boards/evkmimx8mp/demo_apps/xcvr_iec958/my_app.c.obj
 .rodata        0x0000698c      0x14f CMakeFiles/xcvr_iec958.elf.dir/hdd1/om/project/8mp-spdif-iec60958/SDK_24_12_00_EVK-MIMX8MP/boards/evkmimx8mp/demo_apps/xcvr_iec958/board.c.obj
 *fill*         0x00006adb        0x1 
 .rodata        0x00006adc      0x3a0 CMakeFiles/xcvr_iec958.elf.dir/hdd1/om/project/8mp-spdif-iec60958/SDK_24_12_00_EVK-MIMX8MP/devices/MIMX8ML8/drivers/fsl_sdma.c.obj
 .rodata        0x00006e7c       0xff CMakeFiles/xcvr_iec958.elf.dir/hdd1/om/project/8mp-spdif-iec60958/SDK_24_12_00_EVK-MIMX8MP/components/uart/fsl_adapter_iuart.c.obj
 *fill*         0x00006f7b        0x1 
 .rodata        0x00006f7c       0x75 CMakeFiles/xcvr_iec958.elf.dir/hdd1/om/project/8mp-spdif-iec60958/SDK_24_12_00_EVK-MIMX8MP/devices/MIMX8ML8/drivers/fsl_audiomix.c.obj
 *fill*         0x00006ff1        0x3 
 .rodata        0x00006ff4      0x192 CMakeFiles/xcvr_iec958.elf.dir/hdd1/om/project/8mp-spdif-iec60958/SDK_24_12_00_EVK-MIMX8MP/devices/MIMX8ML8/drivers/fsl_clock.c.obj
 *fill*         0x00007186        0x2 
 .rodata        0x00007188      0x2ae CMakeFiles/xcvr_iec958.elf.dir/hdd1/om/project/8mp-spdif-iec60958/SDK_24_12_00_EVK-MIMX8MP/devices/MIMX8ML8/drivers/fsl_uart.c.obj
 *fill*         0x00007436        0x2 
 .rodata        0x00007438      0x146 CMakeFiles/xcvr_iec958.elf.dir/hdd1/om/project/8mp-spdif-iec60958/SDK_24_12_00_EVK-MIMX8MP/devices/MIMX8ML8/drivers/fsl_rdc.c.obj
 *fill*         0x0000757e        0x2 
 .rodata        0x00007580      0x598 CMakeFiles/xcvr_iec958.elf.dir/hdd1/om/project/8mp-spdif-iec60958/SDK_24_12_00_EVK-MIMX8MP/devices/MIMX8ML8/drivers/fsl_xcvr.c.obj
 .rodata        0x00007b18       0x3e CMakeFiles/xcvr_iec958.elf.dir/hdd1/om/project/8mp-spdif-iec60958/SDK_24_12_00_EVK-MIMX8MP/devices/MIMX8ML8/utilities/debug_console_lite/fsl_assert.c.obj
 *(.rodata*)
 *fill*         0x00007b56        0x2 
 .rodata.g_saiPLLConfig_EarcPhy
                0x00007b58       0x10 CMakeFiles/xcvr_iec958.elf.dir/hdd1/om/project/8mp-spdif-iec60958/SDK_24_12_00_EVK-MIMX8MP/boards/evkmimx8mp/demo_apps/xcvr_iec958/my_app.c.obj
                0x00007b58                g_saiPLLConfig_EarcPhy
 .rodata.g_audioPllConfig
                0x00007b68       0x10 CMakeFiles/xcvr_iec958.elf.dir/hdd1/om/project/8mp-spdif-iec60958/SDK_24_12_00_EVK-MIMX8MP/boards/evkmimx8mp/demo_apps/xcvr_iec958/my_app.c.obj
                0x00007b68                g_audioPllConfig
 .rodata.g_saiPLLConfig_EarcPhy_new_clkrate
                0x00007b78       0x10 CMakeFiles/xcvr_iec958.elf.dir/hdd1/om/project/8mp-spdif-iec60958/SDK_24_12_00_EVK-MIMX8MP/boards/evkmimx8mp/demo_apps/xcvr_iec958/my_app.c.obj
                0x00007b78                g_saiPLLConfig_EarcPhy_new_clkrate
 .rodata.__func__.0
                0x00007b88        0xd CMakeFiles/xcvr_iec958.elf.dir/hdd1/om/project/8mp-spdif-iec60958/SDK_24_12_00_EVK-MIMX8MP/boards/evkmimx8mp/demo_apps/xcvr_iec958/my_app.c.obj
 *fill*         0x00007b95        0x3 
 .rodata.__func__.1
                0x00007b98       0x11 CMakeFiles/xcvr_iec958.elf.dir/hdd1/om/project/8mp-spdif-iec60958/SDK_24_12_00_EVK-MIMX8MP/boards/evkmimx8mp/demo_apps/xcvr_iec958/board.c.obj
 *fill*         0x00007ba9        0x3 
 .rodata.__func__.0
                0x00007bac       0x1a CMakeFiles/xcvr_iec958.elf.dir/hdd1/om/project/8mp-spdif-iec60958/SDK_24_12_00_EVK-MIMX8MP/boards/evkmimx8mp/demo_apps/xcvr_iec958/board.c.obj
 *fill*         0x00007bc6        0x2 
 .rodata.g_audioPll1Config
                0x00007bc8       0x10 CMakeFiles/xcvr_iec958.elf.dir/hdd1/om/project/8mp-spdif-iec60958/SDK_24_12_00_EVK-MIMX8MP/boards/evkmimx8mp/demo_apps/xcvr_iec958/clock_config.c.obj
                0x00007bc8                g_audioPll1Config
 .rodata.g_audioPll2Config
                0x00007bd8       0x10 CMakeFiles/xcvr_iec958.elf.dir/hdd1/om/project/8mp-spdif-iec60958/SDK_24_12_00_EVK-MIMX8MP/boards/evkmimx8mp/demo_apps/xcvr_iec958/clock_config.c.obj
                0x00007bd8                g_audioPll2Config
 .rodata.g_saiPLLConfig
                0x00007be8       0x10 CMakeFiles/xcvr_iec958.elf.dir/hdd1/om/project/8mp-spdif-iec60958/SDK_24_12_00_EVK-MIMX8MP/boards/evkmimx8mp/demo_apps/xcvr_iec958/clock_config.c.obj
                0x00007be8                g_saiPLLConfig
 .rodata.s_sdmaBases
                0x00007bf8        0xc CMakeFiles/xcvr_iec958.elf.dir/hdd1/om/project/8mp-spdif-iec60958/SDK_24_12_00_EVK-MIMX8MP/devices/MIMX8ML8/drivers/fsl_sdma.c.obj
 .rodata.s_sdmaClockName
                0x00007c04        0xc CMakeFiles/xcvr_iec958.elf.dir/hdd1/om/project/8mp-spdif-iec60958/SDK_24_12_00_EVK-MIMX8MP/devices/MIMX8ML8/drivers/fsl_sdma.c.obj
 .rodata.s_sdmaIRQNumber
                0x00007c10        0x6 CMakeFiles/xcvr_iec958.elf.dir/hdd1/om/project/8mp-spdif-iec60958/SDK_24_12_00_EVK-MIMX8MP/devices/MIMX8ML8/drivers/fsl_sdma.c.obj
 *fill*         0x00007c16        0x2 
 .rodata.__func__.17
                0x00007c18       0x11 CMakeFiles/xcvr_iec958.elf.dir/hdd1/om/project/8mp-spdif-iec60958/SDK_24_12_00_EVK-MIMX8MP/devices/MIMX8ML8/drivers/fsl_sdma.c.obj
 *fill*         0x00007c29        0x3 
 .rodata.__func__.16
                0x00007c2c       0x13 CMakeFiles/xcvr_iec958.elf.dir/hdd1/om/project/8mp-spdif-iec60958/SDK_24_12_00_EVK-MIMX8MP/devices/MIMX8ML8/drivers/fsl_sdma.c.obj
 *fill*         0x00007c3f        0x1 
 .rodata.__func__.15
                0x00007c40        0xa CMakeFiles/xcvr_iec958.elf.dir/hdd1/om/project/8mp-spdif-iec60958/SDK_24_12_00_EVK-MIMX8MP/devices/MIMX8ML8/drivers/fsl_sdma.c.obj
 *fill*         0x00007c4a        0x2 
 .rodata.__func__.14
                0x00007c4c       0x16 CMakeFiles/xcvr_iec958.elf.dir/hdd1/om/project/8mp-spdif-iec60958/SDK_24_12_00_EVK-MIMX8MP/devices/MIMX8ML8/drivers/fsl_sdma.c.obj
 *fill*         0x00007c62        0x2 
 .rodata.__func__.13
                0x00007c64       0x1c CMakeFiles/xcvr_iec958.elf.dir/hdd1/om/project/8mp-spdif-iec60958/SDK_24_12_00_EVK-MIMX8MP/devices/MIMX8ML8/drivers/fsl_sdma.c.obj
 .rodata.__func__.12
                0x00007c80       0x12 CMakeFiles/xcvr_iec958.elf.dir/hdd1/om/project/8mp-spdif-iec60958/SDK_24_12_00_EVK-MIMX8MP/devices/MIMX8ML8/drivers/fsl_sdma.c.obj
 *fill*         0x00007c92        0x2 
 .rodata.__func__.11
                0x00007c94       0x15 CMakeFiles/xcvr_iec958.elf.dir/hdd1/om/project/8mp-spdif-iec60958/SDK_24_12_00_EVK-MIMX8MP/devices/MIMX8ML8/drivers/fsl_sdma.c.obj
 *fill*         0x00007ca9        0x3 
 .rodata.__func__.10
                0x00007cac       0x11 CMakeFiles/xcvr_iec958.elf.dir/hdd1/om/project/8mp-spdif-iec60958/SDK_24_12_00_EVK-MIMX8MP/devices/MIMX8ML8/drivers/fsl_sdma.c.obj
 *fill*         0x00007cbd        0x3 
 .rodata.__func__.6
                0x00007cc0       0x15 CMakeFiles/xcvr_iec958.elf.dir/hdd1/om/project/8mp-spdif-iec60958/SDK_24_12_00_EVK-MIMX8MP/devices/MIMX8ML8/drivers/fsl_sdma.c.obj
 *fill*         0x00007cd5        0x3 
 .rodata.__func__.4
                0x00007cd8       0x14 CMakeFiles/xcvr_iec958.elf.dir/hdd1/om/project/8mp-spdif-iec60958/SDK_24_12_00_EVK-MIMX8MP/devices/MIMX8ML8/drivers/fsl_sdma.c.obj
 .rodata.__func__.3
                0x00007cec       0x13 CMakeFiles/xcvr_iec958.elf.dir/hdd1/om/project/8mp-spdif-iec60958/SDK_24_12_00_EVK-MIMX8MP/devices/MIMX8ML8/drivers/fsl_sdma.c.obj
 *fill*         0x00007cff        0x1 
 .rodata.__func__.2
                0x00007d00       0x12 CMakeFiles/xcvr_iec958.elf.dir/hdd1/om/project/8mp-spdif-iec60958/SDK_24_12_00_EVK-MIMX8MP/devices/MIMX8ML8/drivers/fsl_sdma.c.obj
 *fill*         0x00007d12        0x2 
 .rodata.__func__.1
                0x00007d14       0x13 CMakeFiles/xcvr_iec958.elf.dir/hdd1/om/project/8mp-spdif-iec60958/SDK_24_12_00_EVK-MIMX8MP/devices/MIMX8ML8/drivers/fsl_sdma.c.obj
 *fill*         0x00007d27        0x1 
 .rodata.__func__.0
                0x00007d28        0xf CMakeFiles/xcvr_iec958.elf.dir/hdd1/om/project/8mp-spdif-iec60958/SDK_24_12_00_EVK-MIMX8MP/devices/MIMX8ML8/drivers/fsl_sdma.c.obj
 *fill*         0x00007d37        0x1 
 .rodata.s_UartAdapterBase
                0x00007d38       0x14 CMakeFiles/xcvr_iec958.elf.dir/hdd1/om/project/8mp-spdif-iec60958/SDK_24_12_00_EVK-MIMX8MP/components/uart/fsl_adapter_iuart.c.obj
 .rodata.__func__.5
                0x00007d4c        0xd CMakeFiles/xcvr_iec958.elf.dir/hdd1/om/project/8mp-spdif-iec60958/SDK_24_12_00_EVK-MIMX8MP/components/uart/fsl_adapter_iuart.c.obj
 *fill*         0x00007d59        0x3 
 .rodata.__func__.3
                0x00007d5c       0x18 CMakeFiles/xcvr_iec958.elf.dir/hdd1/om/project/8mp-spdif-iec60958/SDK_24_12_00_EVK-MIMX8MP/components/uart/fsl_adapter_iuart.c.obj
 .rodata.__func__.2
                0x00007d74       0x15 CMakeFiles/xcvr_iec958.elf.dir/hdd1/om/project/8mp-spdif-iec60958/SDK_24_12_00_EVK-MIMX8MP/components/uart/fsl_adapter_iuart.c.obj
 *fill*         0x00007d89        0x3 
 .rodata.__func__.0
                0x00007d8c       0x16 CMakeFiles/xcvr_iec958.elf.dir/hdd1/om/project/8mp-spdif-iec60958/SDK_24_12_00_EVK-MIMX8MP/devices/MIMX8ML8/drivers/fsl_audiomix.c.obj
 *fill*         0x00007da2        0x2 
 .rodata.__func__.11
                0x00007da4       0x14 CMakeFiles/xcvr_iec958.elf.dir/hdd1/om/project/8mp-spdif-iec60958/SDK_24_12_00_EVK-MIMX8MP/devices/MIMX8ML8/drivers/fsl_clock.c.obj
 .rodata.__func__.10
                0x00007db8       0x14 CMakeFiles/xcvr_iec958.elf.dir/hdd1/om/project/8mp-spdif-iec60958/SDK_24_12_00_EVK-MIMX8MP/devices/MIMX8ML8/drivers/fsl_clock.c.obj
 .rodata.__func__.5
                0x00007dcc       0x12 CMakeFiles/xcvr_iec958.elf.dir/hdd1/om/project/8mp-spdif-iec60958/SDK_24_12_00_EVK-MIMX8MP/devices/MIMX8ML8/drivers/fsl_clock.c.obj
 *fill*         0x00007dde        0x2 
 .rodata.__func__.4
                0x00007de0       0x15 CMakeFiles/xcvr_iec958.elf.dir/hdd1/om/project/8mp-spdif-iec60958/SDK_24_12_00_EVK-MIMX8MP/devices/MIMX8ML8/drivers/fsl_clock.c.obj
 *fill*         0x00007df5        0x3 
 .rodata.__func__.2
                0x00007df8       0x18 CMakeFiles/xcvr_iec958.elf.dir/hdd1/om/project/8mp-spdif-iec60958/SDK_24_12_00_EVK-MIMX8MP/devices/MIMX8ML8/drivers/fsl_clock.c.obj
 .rodata.__func__.1
                0x00007e10       0x15 CMakeFiles/xcvr_iec958.elf.dir/hdd1/om/project/8mp-spdif-iec60958/SDK_24_12_00_EVK-MIMX8MP/devices/MIMX8ML8/drivers/fsl_clock.c.obj
 *fill*         0x00007e25        0x3 
 .rodata.s_uartBases
                0x00007e28       0x14 CMakeFiles/xcvr_iec958.elf.dir/hdd1/om/project/8mp-spdif-iec60958/SDK_24_12_00_EVK-MIMX8MP/devices/MIMX8ML8/drivers/fsl_uart.c.obj
 .rodata.s_uartClock
                0x00007e3c       0x14 CMakeFiles/xcvr_iec958.elf.dir/hdd1/om/project/8mp-spdif-iec60958/SDK_24_12_00_EVK-MIMX8MP/devices/MIMX8ML8/drivers/fsl_uart.c.obj
 .rodata.__func__.24
                0x00007e50       0x11 CMakeFiles/xcvr_iec958.elf.dir/hdd1/om/project/8mp-spdif-iec60958/SDK_24_12_00_EVK-MIMX8MP/devices/MIMX8ML8/drivers/fsl_uart.c.obj
 *fill*         0x00007e61        0x3 
 .rodata.__func__.21
                0x00007e64        0xa CMakeFiles/xcvr_iec958.elf.dir/hdd1/om/project/8mp-spdif-iec60958/SDK_24_12_00_EVK-MIMX8MP/devices/MIMX8ML8/drivers/fsl_uart.c.obj
 *fill*         0x00007e6e        0x2 
 .rodata.__func__.20
                0x00007e70       0x18 CMakeFiles/xcvr_iec958.elf.dir/hdd1/om/project/8mp-spdif-iec60958/SDK_24_12_00_EVK-MIMX8MP/devices/MIMX8ML8/drivers/fsl_uart.c.obj
 .rodata.__func__.19
                0x00007e88       0x18 CMakeFiles/xcvr_iec958.elf.dir/hdd1/om/project/8mp-spdif-iec60958/SDK_24_12_00_EVK-MIMX8MP/devices/MIMX8ML8/drivers/fsl_uart.c.obj
 .rodata.__func__.18
                0x00007ea0       0x17 CMakeFiles/xcvr_iec958.elf.dir/hdd1/om/project/8mp-spdif-iec60958/SDK_24_12_00_EVK-MIMX8MP/devices/MIMX8ML8/drivers/fsl_uart.c.obj
 *fill*         0x00007eb7        0x1 
 .rodata.__func__.17
                0x00007eb8       0x16 CMakeFiles/xcvr_iec958.elf.dir/hdd1/om/project/8mp-spdif-iec60958/SDK_24_12_00_EVK-MIMX8MP/devices/MIMX8ML8/drivers/fsl_uart.c.obj
 *fill*         0x00007ece        0x2 
 .rodata.__func__.13
                0x00007ed0       0x13 CMakeFiles/xcvr_iec958.elf.dir/hdd1/om/project/8mp-spdif-iec60958/SDK_24_12_00_EVK-MIMX8MP/devices/MIMX8ML8/drivers/fsl_uart.c.obj
 *fill*         0x00007ee3        0x1 
 .rodata.__func__.12
                0x00007ee4       0x12 CMakeFiles/xcvr_iec958.elf.dir/hdd1/om/project/8mp-spdif-iec60958/SDK_24_12_00_EVK-MIMX8MP/devices/MIMX8ML8/drivers/fsl_uart.c.obj
 *fill*         0x00007ef6        0x2 
 .rodata.__func__.6
                0x00007ef8       0x1e CMakeFiles/xcvr_iec958.elf.dir/hdd1/om/project/8mp-spdif-iec60958/SDK_24_12_00_EVK-MIMX8MP/devices/MIMX8ML8/drivers/fsl_rdc.c.obj
 *fill*         0x00007f16        0x2 
 .rodata.__func__.4
                0x00007f18       0x20 CMakeFiles/xcvr_iec958.elf.dir/hdd1/om/project/8mp-spdif-iec60958/SDK_24_12_00_EVK-MIMX8MP/devices/MIMX8ML8/drivers/fsl_xcvr.c.obj
 .rodata.__func__.3
                0x00007f38       0x16 CMakeFiles/xcvr_iec958.elf.dir/hdd1/om/project/8mp-spdif-iec60958/SDK_24_12_00_EVK-MIMX8MP/devices/MIMX8ML8/drivers/fsl_xcvr.c.obj
 *fill*         0x00007f4e        0x2 
 .rodata.__func__.1
                0x00007f50       0x17 CMakeFiles/xcvr_iec958.elf.dir/hdd1/om/project/8mp-spdif-iec60958/SDK_24_12_00_EVK-MIMX8MP/devices/MIMX8ML8/drivers/fsl_xcvr.c.obj
 *(.glue_7)
 .glue_7        0x00007f67        0x0 linker stubs
 *(.glue_7t)
 .glue_7t       0x00007f67        0x0 linker stubs
 *(.eh_frame)
 *fill*         0x00007f67        0x1 
 .eh_frame      0x00007f68        0x0 /opt/arm-gnu-toolchain-14.2.rel1-x86_64-arm-none-eabi/bin/../lib/gcc/arm-none-eabi/14.2.1/thumb/v7e-m+dp/hard/crtbegin.o
 *(.init)
 .init          0x00007f68        0x4 /opt/arm-gnu-toolchain-14.2.rel1-x86_64-arm-none-eabi/bin/../lib/gcc/arm-none-eabi/14.2.1/thumb/v7e-m+dp/hard/crti.o
                0x00007f68                _init
 .init          0x00007f6c        0x8 /opt/arm-gnu-toolchain-14.2.rel1-x86_64-arm-none-eabi/bin/../lib/gcc/arm-none-eabi/14.2.1/thumb/v7e-m+dp/hard/crtn.o
 *(.fini)
 .fini          0x00007f74        0x4 /opt/arm-gnu-toolchain-14.2.rel1-x86_64-arm-none-eabi/bin/../lib/gcc/arm-none-eabi/14.2.1/thumb/v7e-m+dp/hard/crti.o
                0x00007f74                _fini
 .fini          0x00007f78        0x8 /opt/arm-gnu-toolchain-14.2.rel1-x86_64-arm-none-eabi/bin/../lib/gcc/arm-none-eabi/14.2.1/thumb/v7e-m+dp/hard/crtn.o
                0x00007f80                        . = ALIGN (0x4)

.vfp11_veneer   0x00007f80        0x0
 .vfp11_veneer  0x00007f80        0x0 linker stubs

.v4_bx          0x00007f80        0x0
 .v4_bx         0x00007f80        0x0 linker stubs

.iplt           0x00007f80        0x0
 .iplt          0x00007f80        0x0 /opt/arm-gnu-toolchain-14.2.rel1-x86_64-arm-none-eabi/bin/../lib/gcc/arm-none-eabi/14.2.1/thumb/v7e-m+dp/hard/crtbegin.o

.ARM.extab
 *(.ARM.extab* .gnu.linkonce.armextab.*)

.ARM            0x00007f80        0x8
                0x00007f80                        __exidx_start = .
 *(.ARM.exidx*)
 .ARM.exidx     0x00007f80        0x8 /opt/arm-gnu-toolchain-14.2.rel1-x86_64-arm-none-eabi/bin/../lib/gcc/arm-none-eabi/14.2.1/../../../../arm-none-eabi/lib/thumb/v7e-m+dp/hard/crt0.o
                                 0x10 (size before relaxing)
 .ARM.exidx     0x00007f88        0x0 /opt/arm-gnu-toolchain-14.2.rel1-x86_64-arm-none-eabi/bin/../lib/gcc/arm-none-eabi/14.2.1/../../../../arm-none-eabi/lib/thumb/v7e-m+dp/hard/libc_nano.a(libc_a-strlen.o)
                                  0x8 (size before relaxing)
 .ARM.exidx.text.__udivmoddi4
                0x00007f88        0x0 /opt/arm-gnu-toolchain-14.2.rel1-x86_64-arm-none-eabi/bin/../lib/gcc/arm-none-eabi/14.2.1/thumb/v7e-m+dp/hard/libgcc.a(_udivmoddi4.o)
                                  0x8 (size before relaxing)
                0x00007f88                        __exidx_end = .

.rel.dyn        0x00007f88        0x0
 .rel.iplt      0x00007f88        0x0 /opt/arm-gnu-toolchain-14.2.rel1-x86_64-arm-none-eabi/bin/../lib/gcc/arm-none-eabi/14.2.1/thumb/v7e-m+dp/hard/crtbegin.o

.ctors          0x00007f88        0x0
                0x00007f88                        __CTOR_LIST__ = .
 *crtbegin.o(.ctors)
 *crtbegin?.o(.ctors)
 *(EXCLUDE_FILE(*crtend.o *crtend?.o) .ctors)
 *(SORT_BY_NAME(.ctors.*))
 *(.ctors)
                0x00007f88                        __CTOR_END__ = .

.dtors          0x00007f88        0x0
                0x00007f88                        __DTOR_LIST__ = .
 *crtbegin.o(.dtors)
 *crtbegin?.o(.dtors)
 *(EXCLUDE_FILE(*crtend.o *crtend?.o) .dtors)
 *(SORT_BY_NAME(.dtors.*))
 *(.dtors)
                0x00007f88                        __DTOR_END__ = .

.preinit_array  0x00007f88        0x0
                0x00007f88                        PROVIDE (__preinit_array_start = .)
 *(.preinit_array*)
                0x00007f88                        PROVIDE (__preinit_array_end = .)

.init_array     0x00007f88        0x4
                0x00007f88                        PROVIDE (__init_array_start = .)
 *(SORT_BY_NAME(.init_array.*))
 *(.init_array*)
 .init_array    0x00007f88        0x4 /opt/arm-gnu-toolchain-14.2.rel1-x86_64-arm-none-eabi/bin/../lib/gcc/arm-none-eabi/14.2.1/thumb/v7e-m+dp/hard/crtbegin.o
                0x00007f8c                        PROVIDE (__init_array_end = .)

.fini_array     0x00007f8c        0x4
                [!provide]                        PROVIDE (__fini_array_start = .)
 *(SORT_BY_NAME(.fini_array.*))
 *(.fini_array*)
 .fini_array    0x00007f8c        0x4 /opt/arm-gnu-toolchain-14.2.rel1-x86_64-arm-none-eabi/bin/../lib/gcc/arm-none-eabi/14.2.1/thumb/v7e-m+dp/hard/crtbegin.o
                [!provide]                        PROVIDE (__fini_array_end = .)
                0x00007f90                        __etext = .
                0x00007f90                        __DATA_ROM = .

.data           0x20000000     0x4100 load address 0x00007f90
                0x20000000                        . = ALIGN (0x4)
                0x20000000                        __DATA_RAM = .
                0x20000000                        __data_start__ = .
 *(.data)
 *(.data*)
 .data.xcvr_imx8mp_fw_bin
                0x20000000     0x3550 CMakeFiles/xcvr_iec958.elf.dir/hdd1/om/project/8mp-spdif-iec60958/SDK_24_12_00_EVK-MIMX8MP/boards/evkmimx8mp/demo_apps/xcvr_iec958/my_app.c.obj
                0x20000000                xcvr_imx8mp_fw_bin
 .data.xcvr_imx8mp_fw_bin_len
                0x20003550        0x4 CMakeFiles/xcvr_iec958.elf.dir/hdd1/om/project/8mp-spdif-iec60958/SDK_24_12_00_EVK-MIMX8MP/boards/evkmimx8mp/demo_apps/xcvr_iec958/my_app.c.obj
                0x20003550                xcvr_imx8mp_fw_bin_len
 .data.s_sdma_multi_fifo_script
                0x20003554      0xba6 CMakeFiles/xcvr_iec958.elf.dir/hdd1/om/project/8mp-spdif-iec60958/SDK_24_12_00_EVK-MIMX8MP/devices/MIMX8ML8/drivers/fsl_sdma.c.obj
 *fill*         0x200040fa        0x2 
 .data.SystemCoreClock
                0x200040fc        0x4 CMakeFiles/xcvr_iec958.elf.dir/hdd1/om/project/8mp-spdif-iec60958/SDK_24_12_00_EVK-MIMX8MP/devices/MIMX8ML8/system_MIMX8ML8_cm7.c.obj
                0x200040fc                SystemCoreClock
 *(.jcr*)
                0x20004100                        . = ALIGN (0x4)
                0x20004100                        __data_end__ = .
                0x00000000                        __CACHE_REGION_START = ORIGIN (m_interrupts)
                0x00000000                        __CACHE_REGION_SIZE = 0x0
                0x0000c090                        __NDATA_ROM = (__DATA_ROM + SIZEOF (.data))

.tm_clone_table
                0x20004100        0x0 load address 0x0000c090
 .tm_clone_table
                0x20004100        0x0 /opt/arm-gnu-toolchain-14.2.rel1-x86_64-arm-none-eabi/bin/../lib/gcc/arm-none-eabi/14.2.1/thumb/v7e-m+dp/hard/crtbegin.o
 .tm_clone_table
                0x20004100        0x0 /opt/arm-gnu-toolchain-14.2.rel1-x86_64-arm-none-eabi/bin/../lib/gcc/arm-none-eabi/14.2.1/thumb/v7e-m+dp/hard/crtend.o

.igot.plt       0x20004100        0x0 load address 0x0000c090
 .igot.plt      0x20004100        0x0 /opt/arm-gnu-toolchain-14.2.rel1-x86_64-arm-none-eabi/bin/../lib/gcc/arm-none-eabi/14.2.1/thumb/v7e-m+dp/hard/crtbegin.o

.ncache.init    0x80000000        0x0 load address 0x0000c090
                0x80000000                        __noncachedata_start__ = .
 *(NonCacheable.init)
                0x80000000                        . = ALIGN (0x4)
                0x80000000                        __noncachedata_init_end__ = .
                0x80000000                        . = __noncachedata_init_end__

.ncache         0x80000000      0xbb0
 *(NonCacheable)
 NonCacheable   0x80000000      0x130 CMakeFiles/xcvr_iec958.elf.dir/hdd1/om/project/8mp-spdif-iec60958/SDK_24_12_00_EVK-MIMX8MP/boards/evkmimx8mp/demo_apps/xcvr_iec958/my_app.c.obj
                0x80000000                sdmaContext
                0x80000080                sdmaHandle
                0x800000a8                xcvrHandle
 NonCacheable   0x80000130      0xa80 CMakeFiles/xcvr_iec958.elf.dir/hdd1/om/project/8mp-spdif-iec60958/SDK_24_12_00_EVK-MIMX8MP/devices/MIMX8ML8/drivers/fsl_sdma.c.obj
                0x80000bb0                        . = ALIGN (0x4)
                0x80000bb0                        __noncachedata_end__ = .
                0x0000c090                        __DATA_END = (__DATA_ROM + (__data_end__ - __data_start__))
                0x00020000                        text_end = (ORIGIN (m_text) + LENGTH (m_text))
                0x00000001                        ASSERT ((__DATA_END <= text_end), region m_text overflowed with text and data)

.bss            0x20004100      0x234 load address 0x0000c090
                0x20004100                        . = ALIGN (0x4)
                0x20004100                        __START_BSS = .
                0x20004100                        __bss_start__ = .
 *(.bss)
 *(.bss*)
 .bss.completed.1
                0x20004100        0x1 /opt/arm-gnu-toolchain-14.2.rel1-x86_64-arm-none-eabi/bin/../lib/gcc/arm-none-eabi/14.2.1/thumb/v7e-m+dp/hard/crtbegin.o
 *fill*         0x20004101        0x3 
 .bss.object.0  0x20004104       0x18 /opt/arm-gnu-toolchain-14.2.rel1-x86_64-arm-none-eabi/bin/../lib/gcc/arm-none-eabi/14.2.1/thumb/v7e-m+dp/hard/crtbegin.o
 .bss.CS_value  0x2000411c       0x18 CMakeFiles/xcvr_iec958.elf.dir/hdd1/om/project/8mp-spdif-iec60958/SDK_24_12_00_EVK-MIMX8MP/boards/evkmimx8mp/demo_apps/xcvr_iec958/my_app.c.obj
                0x2000411c                CS_value
 .bss.UD_value  0x20004134       0x18 CMakeFiles/xcvr_iec958.elf.dir/hdd1/om/project/8mp-spdif-iec60958/SDK_24_12_00_EVK-MIMX8MP/boards/evkmimx8mp/demo_apps/xcvr_iec958/my_app.c.obj
                0x20004134                UD_value
 .bss.g_app     0x2000414c       0x24 CMakeFiles/xcvr_iec958.elf.dir/hdd1/om/project/8mp-spdif-iec60958/SDK_24_12_00_EVK-MIMX8MP/boards/evkmimx8mp/demo_apps/xcvr_iec958/my_app.c.obj
                0x2000414c                g_app
 .bss.s_SDMAHandle
                0x20004170      0x180 CMakeFiles/xcvr_iec958.elf.dir/hdd1/om/project/8mp-spdif-iec60958/SDK_24_12_00_EVK-MIMX8MP/devices/MIMX8ML8/drivers/fsl_sdma.c.obj
 .bss.s_ramScriptLoaded
                0x200042f0        0x1 CMakeFiles/xcvr_iec958.elf.dir/hdd1/om/project/8mp-spdif-iec60958/SDK_24_12_00_EVK-MIMX8MP/devices/MIMX8ML8/drivers/fsl_sdma.c.obj
 *fill*         0x200042f1        0x3 
 .bss.s_uartIsr
                0x200042f4        0x4 CMakeFiles/xcvr_iec958.elf.dir/hdd1/om/project/8mp-spdif-iec60958/SDK_24_12_00_EVK-MIMX8MP/devices/MIMX8ML8/drivers/fsl_uart.c.obj
                0x200042f4                s_uartIsr
 .bss.s_uartHandle
                0x200042f8       0x14 CMakeFiles/xcvr_iec958.elf.dir/hdd1/om/project/8mp-spdif-iec60958/SDK_24_12_00_EVK-MIMX8MP/devices/MIMX8ML8/drivers/fsl_uart.c.obj
                0x200042f8                s_uartHandle
 .bss.xcvr_private_handle
                0x2000430c        0xc CMakeFiles/xcvr_iec958.elf.dir/hdd1/om/project/8mp-spdif-iec60958/SDK_24_12_00_EVK-MIMX8MP/devices/MIMX8ML8/drivers/fsl_xcvr.c.obj
 .bss.transferred_data.0
                0x20004318        0x4 CMakeFiles/xcvr_iec958.elf.dir/hdd1/om/project/8mp-spdif-iec60958/SDK_24_12_00_EVK-MIMX8MP/devices/MIMX8ML8/drivers/fsl_xcvr.c.obj
 .bss.s_debugConsole
                0x2000431c       0x14 CMakeFiles/xcvr_iec958.elf.dir/hdd1/om/project/8mp-spdif-iec60958/SDK_24_12_00_EVK-MIMX8MP/devices/MIMX8ML8/utilities/debug_console_lite/fsl_debug_console.c.obj
 .bss.__stdio_exit_handler
                0x20004330        0x4 /opt/arm-gnu-toolchain-14.2.rel1-x86_64-arm-none-eabi/bin/../lib/gcc/arm-none-eabi/14.2.1/../../../../arm-none-eabi/lib/thumb/v7e-m+dp/hard/libc_nano.a(libc_a-findfp.o)
                0x20004330                __stdio_exit_handler
 *(COMMON)
                0x20004334                        . = ALIGN (0x4)
                0x20004334                        __bss_end__ = .
                0x20004334                        __END_BSS = .

.heap           0x20004334      0x404 load address 0x0000c2c4
                0x20004338                        . = ALIGN (0x8)
 *fill*         0x20004334        0x4 
                0x20004338                        __end__ = .
                0x20004338                        PROVIDE (end = .)
                0x20004338                        __HeapBase = .
                0x20004738                        . = (. + HEAP_SIZE)
 *fill*         0x20004338      0x400 
                0x20004738                        __HeapLimit = .
                0x20004738                        __heap_limit = .

.stack          0x20004738      0x400 load address 0x0000c6c8
                0x20004738                        . = ALIGN (0x8)
                0x20004b38                        . = (. + STACK_SIZE)
 *fill*         0x20004738      0x400 
                0x20020000                        __StackTop = (ORIGIN (m_data) + LENGTH (m_data))
                0x2001fc00                        __StackLimit = (__StackTop - STACK_SIZE)
                0x20020000                        PROVIDE (__stack = __StackTop)

.ARM.attributes
                0x00000000       0x2e
 *(.ARM.attributes)
 .ARM.attributes
                0x00000000       0x20 /opt/arm-gnu-toolchain-14.2.rel1-x86_64-arm-none-eabi/bin/../lib/gcc/arm-none-eabi/14.2.1/thumb/v7e-m+dp/hard/crti.o
 .ARM.attributes
                0x00000020       0x32 /opt/arm-gnu-toolchain-14.2.rel1-x86_64-arm-none-eabi/bin/../lib/gcc/arm-none-eabi/14.2.1/thumb/v7e-m+dp/hard/crtbegin.o
 .ARM.attributes
                0x00000052       0x1e /opt/arm-gnu-toolchain-14.2.rel1-x86_64-arm-none-eabi/bin/../lib/gcc/arm-none-eabi/14.2.1/../../../../arm-none-eabi/lib/thumb/v7e-m+dp/hard/crt0.o
 .ARM.attributes
                0x00000070       0x32 CMakeFiles/xcvr_iec958.elf.dir/hdd1/om/project/8mp-spdif-iec60958/SDK_24_12_00_EVK-MIMX8MP/boards/evkmimx8mp/demo_apps/xcvr_iec958/my_app.c.obj
 .ARM.attributes
                0x000000a2       0x32 CMakeFiles/xcvr_iec958.elf.dir/hdd1/om/project/8mp-spdif-iec60958/SDK_24_12_00_EVK-MIMX8MP/boards/evkmimx8mp/demo_apps/xcvr_iec958/board.c.obj
 .ARM.attributes
                0x000000d4       0x32 CMakeFiles/xcvr_iec958.elf.dir/hdd1/om/project/8mp-spdif-iec60958/SDK_24_12_00_EVK-MIMX8MP/boards/evkmimx8mp/demo_apps/xcvr_iec958/clock_config.c.obj
 .ARM.attributes
                0x00000106       0x32 CMakeFiles/xcvr_iec958.elf.dir/hdd1/om/project/8mp-spdif-iec60958/SDK_24_12_00_EVK-MIMX8MP/boards/evkmimx8mp/demo_apps/xcvr_iec958/pin_mux.c.obj
 .ARM.attributes
                0x00000138       0x32 CMakeFiles/xcvr_iec958.elf.dir/hdd1/om/project/8mp-spdif-iec60958/SDK_24_12_00_EVK-MIMX8MP/boards/evkmimx8mp/demo_apps/xcvr_iec958/hardware_init.c.obj
 .ARM.attributes
                0x0000016a       0x32 CMakeFiles/xcvr_iec958.elf.dir/hdd1/om/project/8mp-spdif-iec60958/SDK_24_12_00_EVK-MIMX8MP/devices/MIMX8ML8/drivers/fsl_sdma.c.obj
 .ARM.attributes
                0x0000019c       0x32 CMakeFiles/xcvr_iec958.elf.dir/hdd1/om/project/8mp-spdif-iec60958/SDK_24_12_00_EVK-MIMX8MP/components/uart/fsl_adapter_iuart.c.obj
 .ARM.attributes
                0x000001ce       0x1d CMakeFiles/xcvr_iec958.elf.dir/hdd1/om/project/8mp-spdif-iec60958/SDK_24_12_00_EVK-MIMX8MP/devices/MIMX8ML8/gcc/startup_MIMX8ML8_cm7.S.obj
 .ARM.attributes
                0x000001eb       0x32 CMakeFiles/xcvr_iec958.elf.dir/hdd1/om/project/8mp-spdif-iec60958/SDK_24_12_00_EVK-MIMX8MP/devices/MIMX8ML8/system_MIMX8ML8_cm7.c.obj
 .ARM.attributes
                0x0000021d       0x32 CMakeFiles/xcvr_iec958.elf.dir/hdd1/om/project/8mp-spdif-iec60958/SDK_24_12_00_EVK-MIMX8MP/devices/MIMX8ML8/drivers/fsl_audiomix.c.obj
 .ARM.attributes
                0x0000024f       0x32 CMakeFiles/xcvr_iec958.elf.dir/hdd1/om/project/8mp-spdif-iec60958/SDK_24_12_00_EVK-MIMX8MP/devices/MIMX8ML8/drivers/fsl_clock.c.obj
 .ARM.attributes
                0x00000281       0x32 CMakeFiles/xcvr_iec958.elf.dir/hdd1/om/project/8mp-spdif-iec60958/SDK_24_12_00_EVK-MIMX8MP/devices/MIMX8ML8/drivers/fsl_uart.c.obj
 .ARM.attributes
                0x000002b3       0x32 CMakeFiles/xcvr_iec958.elf.dir/hdd1/om/project/8mp-spdif-iec60958/SDK_24_12_00_EVK-MIMX8MP/devices/MIMX8ML8/drivers/fsl_rdc.c.obj
 .ARM.attributes
                0x000002e5       0x32 CMakeFiles/xcvr_iec958.elf.dir/hdd1/om/project/8mp-spdif-iec60958/SDK_24_12_00_EVK-MIMX8MP/devices/MIMX8ML8/drivers/fsl_xcvr.c.obj
 .ARM.attributes